#                                                                    --- full sequence ---- --- best 1 domain ---- --- domain number estimation ----
# target name             accession  query name           accession    E-value  score  bias   E-value  score  bias   exp reg clu  ov env dom rep inc description of target
#     ------------------- ---------- -------------------- ---------- --------- ------ ----- --------- ------ -----   --- --- --- --- --- --- --- --- ---------------------
sp|P84875|PCPI_SABMA      -          pdb_kunitz_nr_clean  -            3.3e-64  209.0  36.5   1.9e-22   75.2   6.5   3.0   2   1   1   3   3   3   3 Carboxypeptidase inhibitor SmCI OS=Sabellastarte magnifica OX=389514 PE=1 SV=1
sp|P86733|KCP_HALAI       -          pdb_kunitz_nr_clean  -            1.4e-47  155.8  21.9   2.6e-24   81.2   6.6   2.0   2   0   0   2   2   2   2 BPTI/Kunitz domain-containing protein (Fragment) OS=Haliotis asinina OX=109174 PE=1 SV=1
sp|O35536|TFPI2_MOUSE     -          pdb_kunitz_nr_clean  -              7e-46  150.3  26.0     2e-22   75.2   3.6   3.1   3   0   0   3   3   3   3 Tissue factor pathway inhibitor 2 OS=Mus musculus OX=10090 GN=Tfpi2 PE=2 SV=1
sp|B6ZIW0|KUN_HAELO       -          pdb_kunitz_nr_clean  -            1.3e-44  146.2  28.4   4.2e-26   86.9   8.4   2.1   2   0   0   2   2   2   2 Thrombin inhibitor hemalin OS=Haemaphysalis longicornis OX=44386 PE=2 SV=1
sp|C0HMC7|KUN_HAEDO       -          pdb_kunitz_nr_clean  -            5.3e-44  144.3  25.3   2.4e-26   87.8   7.8   2.1   2   0   0   2   2   2   2 Doenitin-1 OS=Haemaphysalis doenitzi OX=1048531 PE=2 SV=1
sp|Q9WU03|SPIT2_MOUSE     -          pdb_kunitz_nr_clean  -            5.9e-43  140.9  17.8   7.4e-24   79.8   2.9   2.2   2   0   0   2   2   2   2 Kunitz-type protease inhibitor 2 OS=Mus musculus OX=10090 GN=Spint2 PE=1 SV=1
sp|P00978|AMBP_BOVIN      -          pdb_kunitz_nr_clean  -            5.8e-39  128.1  20.5   2.2e-20   68.6   6.6   2.4   1   1   1   2   2   2   2 Protein AMBP OS=Bos taurus OX=9913 GN=AMBP PE=1 SV=2
sp|P62756|IATR_CAPHI      -          pdb_kunitz_nr_clean  -            8.3e-39  127.7  23.0   6.7e-21   70.3   5.6   2.0   1   1   1   2   2   2   2 Inter-alpha-trypsin inhibitor (Fragment) OS=Capra hircus OX=9925 PE=1 SV=1
sp|Q9R097|SPIT1_MOUSE     -          pdb_kunitz_nr_clean  -            1.9e-38  126.5  25.8   6.9e-21   70.3   6.7   2.6   2   0   0   2   2   2   2 Kunitz-type protease inhibitor 1 OS=Mus musculus OX=10090 GN=Spint1 PE=1 SV=2
sp|Q62577|AMBP_MERUN      -          pdb_kunitz_nr_clean  -            3.9e-38  125.5  20.3   1.3e-20   69.4   7.3   2.3   1   1   1   2   2   2   2 Protein AMBP OS=Meriones unguiculatus OX=10047 GN=AMBP PE=2 SV=1
sp|Q08E66|WFKN2_BOVIN     -          pdb_kunitz_nr_clean  -            6.4e-38  124.8  19.0   2.2e-23   78.2   5.0   3.3   2   1   0   2   2   2   2 WAP, Kazal, immunoglobulin, Kunitz and NTR domain-containing protein 2 OS=Bos taurus OX=9913 GN=WFIKKN2 PE=2 SV=1
sp|P04366|AMBP_PIG        -          pdb_kunitz_nr_clean  -            1.2e-37  123.9  20.5   1.9e-19   65.7   6.1   2.5   1   1   1   2   2   2   2 Protein AMBP (Fragment) OS=Sus scrofa OX=9823 GN=AMBP PE=1 SV=2
sp|Q07456|AMBP_MOUSE      -          pdb_kunitz_nr_clean  -            1.8e-37  123.4  22.3   1.8e-20   68.9   7.0   2.4   1   1   1   2   2   2   2 Protein AMBP OS=Mus musculus OX=10090 GN=Ambp PE=1 SV=2
sp|Q64240|AMBP_RAT        -          pdb_kunitz_nr_clean  -            4.5e-37  122.1  23.3   4.4e-20   67.7   6.8   2.3   1   1   1   2   2   2   2 Protein AMBP OS=Rattus norvegicus OX=10116 GN=Ambp PE=1 SV=1
sp|Q6NUX0|WFKN_DANRE      -          pdb_kunitz_nr_clean  -            9.5e-32  105.0  15.7   7.6e-19   63.7   3.2   2.8   2   0   0   2   2   2   2 WAP, Kazal, immunoglobulin, Kunitz and NTR domain-containing protein OS=Danio rerio OX=7955 GN=wfikkn PE=2 SV=1
sp|A0A1D0BND9|TD1A_HADIN  -          pdb_kunitz_nr_clean  -            8.5e-29   95.6  21.3   8.1e-15   50.8  11.0   2.1   2   0   0   2   2   2   2 U13-hexatoxin-Hi1a OS=Hadronyche infensa OX=153481 PE=2 SV=1
sp|Q90WA0|VKT2_PSETT      -          pdb_kunitz_nr_clean  -            1.8e-28   94.5   3.4   2.1e-28   94.4   3.4   1.0   1   0   0   1   1   1   1 Kunitz-type serine protease inhibitor textilinin-2 OS=Pseudonaja textilis textilis OX=169397 PE=1 SV=1
sp|P0DMW6|VKT3A_ACTEQ     -          pdb_kunitz_nr_clean  -            4.9e-28   93.2  10.0   5.2e-28   93.1  10.0   1.0   1   0   0   1   1   1   1 PI-actitoxin-Aeq3a OS=Actinia equina OX=6106 PE=1 SV=1
sp|C0HK74|3CPI_HETMG      -          pdb_kunitz_nr_clean  -            1.7e-27   91.4   4.0   1.8e-27   91.3   4.0   1.0   1   0   0   1   1   1   1 PI-stichotoxin-Hmg3c OS=Heteractis magnifica OX=38281 PE=1 SV=1
sp|Q96NZ8|WFKN1_HUMAN     -          pdb_kunitz_nr_clean  -            1.9e-27   91.3   4.5   7.6e-20   66.9   0.6   2.8   2   0   0   2   2   2   2 WAP, Kazal, immunoglobulin, Kunitz and NTR domain-containing protein 1 OS=Homo sapiens OX=9606 GN=WFIKKN1 PE=1 SV=1
sp|B5KL39|VKT2_AUSSU      -          pdb_kunitz_nr_clean  -              2e-27   91.2   5.3   2.3e-27   91.0   5.3   1.0   1   0   0   1   1   1   1 Kunitz-type serine protease inhibitor superbin-2 OS=Austrelaps superbus OX=29156 PE=2 SV=1
sp|C0HJU7|VKT2G_RADCR     -          pdb_kunitz_nr_clean  -            2.1e-27   91.2   4.0   2.2e-27   91.1   4.0   1.0   1   0   0   1   1   1   1 PI-stichotoxin-Hcr2g OS=Radianthus crispa OX=3122430 PE=1 SV=1
sp|Q7LZS8|VKTRE_DENAN     -          pdb_kunitz_nr_clean  -            2.3e-27   91.0   6.2   2.4e-27   90.9   6.2   1.0   1   0   0   1   1   1   1 Kunitz-type serine protease inhibitor long epsilon-dendrotoxin Arg55 OS=Dendroaspis angusticeps OX=8618 PE=1 SV=1
sp|P10280|VKT52_ANESU     -          pdb_kunitz_nr_clean  -            2.6e-27   90.8   6.9   2.8e-27   90.7   6.9   1.0   1   0   0   1   1   1   1 KappaPI-actitoxin-Avd3a OS=Anemonia sulcata OX=6108 PE=1 SV=2
sp|Q90W98|VKT4_PSETT      -          pdb_kunitz_nr_clean  -            3.3e-27   90.5   6.6   3.7e-27   90.3   6.6   1.0   1   0   0   1   1   1   1 Kunitz-type serine protease inhibitor textilinin-4 OS=Pseudonaja textilis textilis OX=169397 PE=2 SV=1
sp|P0DV04|VKT2N_RADCR     -          pdb_kunitz_nr_clean  -            3.4e-27   90.5   5.2   3.5e-27   90.4   5.2   1.0   1   0   0   1   1   1   1 PI-stichotoxin-Hcr2n OS=Radianthus crispa OX=3122430 PE=3 SV=1
sp|F8J2F3|VKT28_DRYCN     -          pdb_kunitz_nr_clean  -            3.4e-27   90.5   5.8   3.8e-27   90.3   5.8   1.0   1   0   0   1   1   1   1 Kunitz-type serine protease inhibitor 28 OS=Drysdalia coronoides OX=66186 PE=1 SV=1
sp|Q9TWG0|VKT1_ANESU      -          pdb_kunitz_nr_clean  -            4.2e-27   90.2   5.5   4.8e-27   90.0   5.5   1.0   1   0   0   1   1   1   1 KappaPI-actitoxin-Avd3b OS=Anemonia sulcata OX=6108 PE=1 SV=1
sp|B5KF96|VKT2_CRYNI      -          pdb_kunitz_nr_clean  -            6.7e-27   89.5   6.3   7.6e-27   89.3   6.3   1.0   1   0   0   1   1   1   1 Kunitz-type serine protease inhibitor nigrescinin-2 OS=Cryptophis nigrescens OX=292442 PE=2 SV=1
sp|Q2ES47|VKT4_DABRR      -          pdb_kunitz_nr_clean  -            6.9e-27   89.5   6.6   7.8e-27   89.3   6.6   1.0   1   0   0   1   1   1   1 Kunitz-type serine protease inhibitor 4 OS=Daboia russelii OX=8707 PE=2 SV=1
sp|B5L5R0|IVBI4_PSEPO     -          pdb_kunitz_nr_clean  -              8e-27   89.3   7.3     9e-27   89.1   7.3   1.0   1   0   0   1   1   1   1 Blackelin-4 OS=Pseudechis porphyriacus OX=8671 PE=3 SV=1
sp|C0HK73|3BPI_HETMG      -          pdb_kunitz_nr_clean  -            8.2e-27   89.2   2.9   8.6e-27   89.2   2.9   1.0   1   0   0   1   1   1   1 PI-stichotoxin-Hmg3b OS=Heteractis magnifica OX=38281 PE=1 SV=1
sp|Q6ITB0|VKT1_TROCA      -          pdb_kunitz_nr_clean  -            8.2e-27   89.2   7.0   9.3e-27   89.1   7.0   1.0   1   0   0   1   1   1   1 Kunitz-type serine protease inhibitor carinatin-1 OS=Tropidechis carinatus OX=100989 PE=2 SV=1
sp|Q6ITB1|VKT_PSEPO       -          pdb_kunitz_nr_clean  -            8.2e-27   89.2   7.0   9.3e-27   89.1   7.0   1.0   1   0   0   1   1   1   1 Kunitz-type serine protease inhibitor blackelin OS=Pseudechis porphyriacus OX=8671 PE=2 SV=1
sp|C0HLA7|MAMB4_DENVI     -          pdb_kunitz_nr_clean  -            9.4e-27   89.0   9.0     1e-26   88.9   9.0   1.0   1   0   0   1   1   1   1 Mambaquaretin-4 OS=Dendroaspis viridis OX=8621 PE=1 SV=1
sp|C1IC50|VKT1_WALAE      -          pdb_kunitz_nr_clean  -            1.1e-26   88.8   5.3   1.2e-26   88.7   5.3   1.0   1   0   0   1   1   1   1 Protease inhibitor 1 OS=Walterinnesia aegyptia OX=64182 PE=1 SV=1
sp|C0HJF4|VKT2C_RADCR     -          pdb_kunitz_nr_clean  -            1.2e-26   88.7   5.2   1.2e-26   88.7   5.2   1.0   1   0   0   1   1   1   1 TauPI-stichotoxin-Hcr2c OS=Radianthus crispa OX=3122430 PE=1 SV=1
sp|B5KF95|VKT1_CRYNI      -          pdb_kunitz_nr_clean  -            1.2e-26   88.7   7.6   1.3e-26   88.6   7.6   1.0   1   0   0   1   1   1   1 Kunitz-type serine protease inhibitor nigrescinin-1 OS=Cryptophis nigrescens OX=292442 PE=2 SV=1
sp|B5KL36|VKT5_CRYNI      -          pdb_kunitz_nr_clean  -            1.2e-26   88.7   7.6   1.3e-26   88.6   7.6   1.0   1   0   0   1   1   1   1 Kunitz-type serine protease inhibitor nigrescinin-5 OS=Cryptophis nigrescens OX=292442 PE=2 SV=1
sp|P0DN06|VKT1A_ANEVI     -          pdb_kunitz_nr_clean  -            1.2e-26   88.7   5.5   1.6e-26   88.3   5.5   1.1   1   0   0   1   1   1   1 U-actitoxin-Avd3f OS=Anemonia viridis OX=51769 PE=3 SV=1
sp|P0DN09|VKT5_ANEVI      -          pdb_kunitz_nr_clean  -            1.3e-26   88.6   7.0   1.5e-26   88.4   7.0   1.1   1   0   0   1   1   1   1 U-actitoxin-Avd3h OS=Anemonia viridis OX=51769 PE=3 SV=1
sp|P00982|VKTHD_DENAN     -          pdb_kunitz_nr_clean  -            1.5e-26   88.4   7.2   1.6e-26   88.3   7.2   1.0   1   0   0   1   1   1   1 Kunitz-type serine protease inhibitor homolog delta-dendrotoxin OS=Dendroaspis angusticeps OX=8618 PE=1 SV=1
sp|Q2ES46|VKT5_DABRR      -          pdb_kunitz_nr_clean  -            1.7e-26   88.2   6.5     2e-26   88.0   6.5   1.1   1   0   0   1   1   1   1 Kunitz-type serine protease inhibitor 5 OS=Daboia russelii OX=8707 PE=2 SV=1
sp|Q90W99|VKT3_PSETT      -          pdb_kunitz_nr_clean  -            1.7e-26   88.2   8.2     2e-26   88.0   8.2   1.0   1   0   0   1   1   1   1 Kunitz-type serine protease inhibitor textilinin-3 OS=Pseudonaja textilis textilis OX=169397 PE=2 SV=1
sp|B5KL40|VKT3_AUSSU      -          pdb_kunitz_nr_clean  -            2.4e-26   87.7   7.4   2.7e-26   87.6   7.4   1.0   1   0   0   1   1   1   1 Kunitz-type serine protease inhibitor superbin-3 OS=Austrelaps superbus OX=29156 PE=2 SV=1
sp|C0HJF3|VKT2D_RADCR     -          pdb_kunitz_nr_clean  -            2.9e-26   87.5   5.5   3.1e-26   87.4   5.5   1.0   1   0   0   1   1   1   1 TauPI-stichotoxin-Hcr2d OS=Radianthus crispa OX=3122430 PE=1 SV=1
sp|P00994|ISIK_HELPO      -          pdb_kunitz_nr_clean  -            3.1e-26   87.4   9.5   3.3e-26   87.3   9.5   1.0   1   0   0   1   1   1   1 Isoinhibitor K OS=Helix pomatia OX=6536 PE=1 SV=1
sp|B5KL37|VKT6_CRYNI      -          pdb_kunitz_nr_clean  -            3.2e-26   87.3   6.9   3.6e-26   87.2   6.9   1.0   1   0   0   1   1   1   1 Kunitz-type serine protease inhibitor nigrescinin-6 OS=Cryptophis nigrescens OX=292442 PE=2 SV=1
sp|C0HLA8|MAMB5_DENJA     -          pdb_kunitz_nr_clean  -            3.8e-26   87.1   8.7     4e-26   87.0   8.7   1.0   1   0   0   1   1   1   1 Mambaquaretin-5 OS=Dendroaspis jamesoni kaimosae OX=8619 PE=1 SV=1
sp|P00976|IBPC_BOVIN      -          pdb_kunitz_nr_clean  -            4.1e-26   87.0   3.0   4.6e-26   86.9   3.0   1.0   1   0   0   1   1   1   1 Colostrum trypsin inhibitor OS=Bos taurus OX=9913 PE=1 SV=2
sp|P0DL86|VKT2H_RADCR     -          pdb_kunitz_nr_clean  -              6e-26   86.5   6.3   6.2e-26   86.4   6.3   1.0   1   0   0   1   1   1   1 PI-stichotoxin-Hcr2h OS=Radianthus crispa OX=3122430 PE=1 SV=1
sp|A0A6B7FBD3|VKT2I_RADCR -          pdb_kunitz_nr_clean  -            6.1e-26   86.4   6.7   6.1e-26   86.4   6.7   1.8   1   1   1   2   2   1   1 PI-stichotoxin-Hcr2i OS=Radianthus crispa OX=3122430 GN=iq2c1 PE=1 SV=1
sp|H2A0P0|KCP5_PINMG      -          pdb_kunitz_nr_clean  -            6.1e-26   86.4  29.8   1.3e-13   46.9   5.7   2.2   2   0   0   2   2   2   2 BPTI/Kunitz domain-containing protein 5 OS=Margaritifera margaritifera OX=102329 PE=1 SV=1
sp|P00981|VKTHK_DENPO     -          pdb_kunitz_nr_clean  -            6.4e-26   86.4   5.2   7.9e-26   86.1   5.2   1.0   1   0   0   1   1   1   1 Kunitz-type serine protease inhibitor homolog dendrotoxin K (Fragment) OS=Dendroaspis polylepis polylepis OX=8620 PE=1 SV=2
sp|P0DV06|VKT2P_RADCR     -          pdb_kunitz_nr_clean  -              1e-25   85.7   4.3   1.1e-25   85.6   4.3   1.0   1   0   0   1   1   1   1 PI-stichotoxin-Hcr2p OS=Radianthus crispa OX=3122430 PE=3 SV=1
sp|C1IC52|VKT2_WALAE      -          pdb_kunitz_nr_clean  -            1.1e-25   85.6   5.3   1.3e-25   85.4   5.3   1.1   1   0   0   1   1   1   1 Kunitz-type serine protease inhibitor spermatin OS=Walterinnesia aegyptia OX=64182 PE=1 SV=1
sp|P86862|VKT1_ANTEL      -          pdb_kunitz_nr_clean  -            1.2e-25   85.5   9.8   1.5e-25   85.2   9.8   1.0   1   0   0   1   1   1   1 KappaPI-actitoxin-Ael3a OS=Anthopleura elegantissima OX=6110 PE=1 SV=1
sp|Q9TWF9|VKT2_ANESU      -          pdb_kunitz_nr_clean  -            1.3e-25   85.4   6.9   1.5e-25   85.2   6.9   1.0   1   0   0   1   1   1   1 KappaPI-actitoxin-Avd3c OS=Anemonia sulcata OX=6108 PE=1 SV=1
sp|Q6ITB3|VKT1_NOTSC      -          pdb_kunitz_nr_clean  -            1.4e-25   85.3   3.2   1.6e-25   85.1   3.2   1.0   1   0   0   1   1   1   1 Kunitz-type serine protease inhibitor tigerin-1 OS=Notechis scutatus scutatus OX=70142 PE=2 SV=1
sp|Q8T3S7|VKT1_ARAVE      -          pdb_kunitz_nr_clean  -            1.5e-25   85.2   6.2   1.8e-25   85.0   6.2   1.1   1   0   0   1   1   1   1 Kunitz-type U1-aranetoxin-Av1a OS=Araneus ventricosus OX=182803 PE=3 SV=1
sp|B5L5R1|IVBI5_PSEPO     -          pdb_kunitz_nr_clean  -            1.5e-25   85.2   6.5   1.7e-25   85.0   6.5   1.0   1   0   0   1   1   1   1 Blackelin-5 OS=Pseudechis porphyriacus OX=8671 PE=3 SV=1
sp|P0DN13|VKT9_ANEVI      -          pdb_kunitz_nr_clean  -            1.8e-25   84.9   8.1   2.3e-25   84.6   8.1   1.1   1   0   0   1   1   1   1 U-actitoxin-Avd3l OS=Anemonia viridis OX=51769 PE=3 SV=1
sp|A6MFL1|VKT1_DEMVE      -          pdb_kunitz_nr_clean  -            2.2e-25   84.7   6.2   2.4e-25   84.5   6.2   1.0   1   0   0   1   1   1   1 Kunitz-type serine protease inhibitor vestiginin-1 OS=Demansia vestigiata OX=412038 PE=2 SV=1
sp|P00992|VKT3_VIPAA      -          pdb_kunitz_nr_clean  -            2.2e-25   84.7   7.8   2.5e-25   84.5   7.8   1.1   1   0   0   1   1   1   1 Kunitz-type serine protease inhibitor 3 OS=Vipera ammodytes ammodytes OX=8705 PE=1 SV=2
sp|Q6T6S5|VKT2_BITGA      -          pdb_kunitz_nr_clean  -            2.2e-25   84.7  11.9   2.6e-25   84.4  11.9   1.1   1   0   0   1   1   1   1 Kunitz-type serine protease inhibitor bitisilin-2 OS=Bitis gabonica OX=8694 PE=1 SV=1
sp|A6MGY1|VKT7_DEMVE      -          pdb_kunitz_nr_clean  -            2.2e-25   84.6   5.4   2.5e-25   84.5   5.4   1.0   1   0   0   1   1   1   1 Kunitz-type serine protease inhibitor vestiginin-7 OS=Demansia vestigiata OX=412038 PE=1 SV=1
sp|Q60495|A4_CAVPO        -          pdb_kunitz_nr_clean  -            2.5e-25   84.5   5.4   4.9e-25   83.6   5.4   1.5   1   0   0   1   1   1   1 Amyloid-beta precursor protein OS=Cavia porcellus OX=10141 GN=APP PE=1 SV=2
sp|C0HJU6|VKT2F_RADCR     -          pdb_kunitz_nr_clean  -            2.6e-25   84.4   5.0   2.7e-25   84.4   5.0   1.0   1   0   0   1   1   1   1 PI-stichotoxin-Hcr2f OS=Radianthus crispa OX=3122430 PE=1 SV=1
sp|P00991|VKT1_VIPAA      -          pdb_kunitz_nr_clean  -            2.6e-25   84.4   8.4     3e-25   84.2   8.4   1.1   1   0   0   1   1   1   1 Kunitz-type serine protease inhibitor 1 OS=Vipera ammodytes ammodytes OX=8705 PE=1 SV=2
sp|C0HLA9|MAMB6_DENVI     -          pdb_kunitz_nr_clean  -            2.7e-25   84.4   7.7   2.9e-25   84.3   7.7   1.0   1   0   0   1   1   1   1 Mambaquaretin-6 OS=Dendroaspis viridis OX=8621 PE=1 SV=1
sp|E7FL13|VKT3_PSERS      -          pdb_kunitz_nr_clean  -            3.3e-25   84.1   6.7   3.7e-25   83.9   6.7   1.0   1   0   0   1   1   1   1 Kunitz serine protease inhibitor Pr-mulgin 3 OS=Pseudechis rossignolii OX=1489342 PE=2 SV=1
sp|E7FL11|VKT1_PSERS      -          pdb_kunitz_nr_clean  -            3.5e-25   84.0   7.0     4e-25   83.8   7.0   1.0   1   0   0   1   1   1   1 Kunitz serine protease inhibitor Pr-mulgin 1 OS=Pseudechis rossignolii OX=1489342 PE=1 SV=1
sp|P0DN14|VKTA_ANEVI      -          pdb_kunitz_nr_clean  -            3.6e-25   84.0   8.0   4.4e-25   83.7   8.0   1.1   1   0   0   1   1   1   1 U-actitoxin-Avd3m OS=Anemonia viridis OX=51769 PE=3 SV=1
sp|A6MFL3|VKT3_DEMVE      -          pdb_kunitz_nr_clean  -            4.2e-25   83.8   4.3   4.7e-25   83.6   4.3   1.0   1   0   0   1   1   1   1 Kunitz-type serine protease inhibitor vestiginin-3 OS=Demansia vestigiata OX=412038 PE=1 SV=1
sp|P81547|VKT1_ANTAF      -          pdb_kunitz_nr_clean  -            4.8e-25   83.6   7.3   5.5e-25   83.4   7.3   1.0   1   0   0   1   1   1   1 PI-actitoxin-Axm2a OS=Anthopleura aff. xanthogrammica OX=152178 PE=1 SV=1
sp|P0DN07|VKT4_ANEVI      -          pdb_kunitz_nr_clean  -              5e-25   83.5   8.4   6.1e-25   83.2   8.4   1.1   1   0   0   1   1   1   1 U-actitoxin-Avd3g OS=Anemonia viridis OX=51769 PE=3 SV=1
sp|H6VC06|VKTK2_DABRR     -          pdb_kunitz_nr_clean  -            5.2e-25   83.5   6.7   5.9e-25   83.3   6.7   1.0   1   0   0   1   1   1   1 Kunitz-type serine protease inhibitor DrKIn-II OS=Daboia russelii OX=8707 PE=1 SV=1
sp|B5KF94|VKT1_HOPST      -          pdb_kunitz_nr_clean  -            5.2e-25   83.5   5.4   5.9e-25   83.3   5.4   1.0   1   0   0   1   1   1   1 Kunitz-type serine protease inhibitor stephenin-1 OS=Hoplocephalus stephensii OX=196418 PE=2 SV=1
sp|Q6ITC1|VKTH1_PSEAU     -          pdb_kunitz_nr_clean  -            5.2e-25   83.5   6.5   5.9e-25   83.3   6.5   1.0   1   0   0   1   1   1   1 Kunitz-type serine protease inhibitor homolog mulgin-1 OS=Pseudechis australis OX=8670 PE=2 SV=1
sp|P0DMJ4|VKTI3_ANTFU     -          pdb_kunitz_nr_clean  -            5.7e-25   83.3   5.8     6e-25   83.3   5.8   1.0   1   0   0   1   1   1   1 PI-actitoxin-Afv2b OS=Anthopleura fuscoviridis OX=6111 PE=1 SV=1
sp|B5KL30|VKT4_OXYSC      -          pdb_kunitz_nr_clean  -            6.6e-25   83.1   3.2   7.5e-25   83.0   3.2   1.0   1   0   0   1   1   1   1 Kunitz-type serine protease inhibitor scutellin-4 OS=Oxyuranus scutellatus scutellatus OX=8667 PE=2 SV=1
sp|B5KL31|VKT3_PSEPO      -          pdb_kunitz_nr_clean  -              1e-24   82.5   6.3   1.1e-24   82.4   6.3   1.0   1   0   0   1   1   1   1 Kunitz-type serine protease inhibitor blackelin-3 OS=Pseudechis porphyriacus OX=8671 PE=2 SV=1
sp|Q6ITB8|VKT4_PSEAU      -          pdb_kunitz_nr_clean  -            1.1e-24   82.5   6.1   1.2e-24   82.3   6.1   1.0   1   0   0   1   1   1   1 Kunitz-type serine protease inhibitor mulgin-4 OS=Pseudechis australis OX=8670 PE=2 SV=1
sp|P0DKL8|VKT_VIPRE       -          pdb_kunitz_nr_clean  -            1.5e-24   82.0   8.2   1.7e-24   81.8   8.2   1.0   1   0   0   1   1   1   1 Kunitz-type serine protease inhibitor Vur-KIn OS=Vipera renardi OX=927686 PE=1 SV=1
sp|A6MFL2|VKT2_DEMVE      -          pdb_kunitz_nr_clean  -            1.6e-24   81.9   7.2   1.8e-24   81.8   7.2   1.0   1   0   0   1   1   1   1 Kunitz-type serine protease inhibitor vestiginin-2 OS=Demansia vestigiata OX=412038 PE=2 SV=1
sp|A8Y7P4|VKTB4_DABSI     -          pdb_kunitz_nr_clean  -            1.8e-24   81.8   6.8     2e-24   81.6   6.8   1.0   1   0   0   1   1   1   1 Kunitz-type serine protease inhibitor B4 OS=Daboia siamensis OX=343250 PE=2 SV=1
sp|P0DMJ2|VKT3C_ACTEQ     -          pdb_kunitz_nr_clean  -            1.9e-24   81.6   7.9   2.3e-24   81.4   7.9   1.0   1   0   0   1   1   1   1 PI-actitoxin-Aeq3c OS=Actinia equina OX=6106 PE=1 SV=1
sp|P24541|VKT_ERIMA       -          pdb_kunitz_nr_clean  -              2e-24   81.6   8.4   2.2e-24   81.4   8.4   1.0   1   0   0   1   1   1   1 Kunitz-type serine protease inhibitor OS=Eristicophis macmahoni OX=110227 PE=1 SV=1
sp|Q29428|TKDP1_SHEEP     -          pdb_kunitz_nr_clean  -            2.1e-24   81.5   5.5   3.5e-24   80.8   5.5   1.3   1   0   0   1   1   1   1 Trophoblast Kunitz domain protein 1 OS=Ovis aries OX=9940 GN=TKDP1 PE=2 SV=1
sp|C1IC53|VKT4_WALAE      -          pdb_kunitz_nr_clean  -            2.2e-24   81.5   9.1   2.7e-24   81.2   9.1   1.1   1   0   0   1   1   1   1 Protease inhibitor 4 OS=Walterinnesia aegyptia OX=64182 PE=1 SV=1
sp|H6VC05|VKTK1_DABRR     -          pdb_kunitz_nr_clean  -            2.5e-24   81.3   9.9   2.9e-24   81.1   9.9   1.1   1   0   0   1   1   1   1 Kunitz-type serine protease inhibitor DrKIn-I OS=Daboia russelii OX=8707 PE=1 SV=1
sp|A8Y7P6|VKTB6_DABSI     -          pdb_kunitz_nr_clean  -            2.7e-24   81.2   9.4     3e-24   81.0   9.4   1.0   1   0   0   1   1   1   1 Kunitz-type serine protease inhibitor B6 OS=Daboia siamensis OX=343250 PE=2 SV=1
sp|P0DN20|VKTG_ANEVI      -          pdb_kunitz_nr_clean  -            2.7e-24   81.2   7.8   3.5e-24   80.8   7.8   1.1   1   0   0   1   1   1   1 U-actitoxin-Avd3s (Fragment) OS=Anemonia viridis OX=51769 PE=2 SV=1
sp|A8Y7N6|VKTC3_DABSI     -          pdb_kunitz_nr_clean  -            2.7e-24   81.1   8.8   3.1e-24   81.0   8.8   1.0   1   0   0   1   1   1   1 Kunitz-type serine protease inhibitor C3 OS=Daboia siamensis OX=343250 PE=2 SV=1
sp|A8Y7P0|VKTB7_DABSI     -          pdb_kunitz_nr_clean  -            3.6e-24   80.8   8.9   4.1e-24   80.6   8.9   1.0   1   0   0   1   1   1   1 Kunitz-type serine protease inhibitor 7 OS=Daboia siamensis OX=343250 PE=2 SV=1
sp|A8Y7N7|VKTC4_DABSI     -          pdb_kunitz_nr_clean  -              4e-24   80.6   8.7   4.6e-24   80.4   8.7   1.1   1   0   0   1   1   1   1 Kunitz-type serine protease inhibitor C4 OS=Daboia siamensis OX=343250 PE=2 SV=1
sp|Q29100|UPTI_PIG        -          pdb_kunitz_nr_clean  -            5.9e-24   80.1   7.4   5.9e-24   80.1   7.4   1.4   1   1   0   1   1   1   1 Uterine plasmin/trypsin inhibitor OS=Sus scrofa OX=9823 PE=1 SV=1
sp|Q8AY43|VKTA_BUNCA      -          pdb_kunitz_nr_clean  -              6e-24   80.1  10.1   7.1e-24   79.8  10.1   1.1   1   0   0   1   1   1   1 Kunitz-type serine protease inhibitor A OS=Bungarus candidus OX=92438 PE=2 SV=2
sp|B5KL32|VKT3_NOTSC      -          pdb_kunitz_nr_clean  -            6.4e-24   80.0   7.7   7.3e-24   79.8   7.7   1.0   1   0   0   1   1   1   1 Kunitz-type serine protease inhibitor tigerin-3 OS=Notechis scutatus scutatus OX=70142 PE=2 SV=1
sp|Q6ITB2|VKT2_NOTSC      -          pdb_kunitz_nr_clean  -            6.7e-24   79.9   1.9   7.5e-24   79.7   1.9   1.0   1   0   0   1   1   1   1 Kunitz-type serine protease inhibitor tigerin-2 OS=Notechis scutatus scutatus OX=70142 PE=2 SV=1
sp|A8Y7P3|VKTB3_DABSI     -          pdb_kunitz_nr_clean  -            6.9e-24   79.9   7.2   7.8e-24   79.7   7.2   1.0   1   0   0   1   1   1   1 Kunitz-type serine protease inhibitor B3 OS=Daboia siamensis OX=343250 PE=2 SV=1
sp|A7X3V4|VKT1_TELDH      -          pdb_kunitz_nr_clean  -            8.4e-24   79.6  10.9   9.8e-24   79.4  10.9   1.1   1   0   0   1   1   1   1 Kunitz-type serine protease inhibitor kunitoxin-Tel1 OS=Telescopus dhara OX=338837 PE=2 SV=1
sp|F8J2F6|VKT18_DRYCN     -          pdb_kunitz_nr_clean  -            1.2e-23   79.1   6.1   1.4e-23   78.9   6.1   1.0   1   0   0   1   1   1   1 Kunitz-type serine protease inhibitor 18 OS=Drysdalia coronoides OX=66186 PE=1 SV=1
sp|E5AJX3|VKT_VIPNI       -          pdb_kunitz_nr_clean  -            1.4e-23   78.9   9.5   1.6e-23   78.7   9.5   1.1   1   0   0   1   1   1   1 Kunitz-type serine protease inhibitor ki-VN OS=Vipera nikolskii OX=1808362 PE=2 SV=1
sp|B5KL27|VKT3_OXYMI      -          pdb_kunitz_nr_clean  -            1.8e-23   78.5   3.9   2.1e-23   78.3   3.9   1.0   1   0   0   1   1   1   1 Kunitz-type serine protease inhibitor microlepidin-3 OS=Oxyuranus microlepidotus OX=111177 PE=2 SV=1
sp|P0C8W3|VKT11_HOFGE     -          pdb_kunitz_nr_clean  -            2.8e-23   77.9   7.4   3.3e-23   77.7   7.4   1.1   1   0   0   1   1   1   1 Kunitz-type serine protease inhibitor Hg1 OS=Hoffmannihadrurus gertschi OX=380989 PE=1 SV=1
sp|A8Y7P1|VKTB1_DABSI     -          pdb_kunitz_nr_clean  -            3.3e-23   77.7   6.9   3.7e-23   77.5   6.9   1.0   1   0   0   1   1   1   1 Kunitz-type serine protease inhibitor B1 OS=Daboia siamensis OX=343250 PE=1 SV=1
sp|Q2ES48|VKT3_DABRR      -          pdb_kunitz_nr_clean  -            3.8e-23   77.5   7.8   4.3e-23   77.3   7.8   1.0   1   0   0   1   1   1   1 Kunitz-type serine protease inhibitor 3 OS=Daboia russelii OX=8707 PE=2 SV=1
sp|O93279|A4_TAKRU        -          pdb_kunitz_nr_clean  -            3.8e-23   77.5   3.9   7.2e-23   76.6   3.9   1.5   1   0   0   1   1   1   1 Amyloid-beta A4 protein OS=Takifugu rubripes OX=31033 GN=app PE=3 SV=1
sp|Q90W96|VKT6_PSETT      -          pdb_kunitz_nr_clean  -            3.8e-23   77.5   5.2   4.3e-23   77.3   5.2   1.0   1   0   0   1   1   1   1 Kunitz-type serine protease inhibitor textilinin-6 OS=Pseudonaja textilis textilis OX=169397 PE=2 SV=1
sp|Q5ZPJ7|VKT_NAJAT       -          pdb_kunitz_nr_clean  -            5.3e-23   77.0   9.2   5.9e-23   76.9   9.2   1.0   1   0   0   1   1   1   1 Kunitz-type serine protease inhibitor NACI OS=Naja atra OX=8656 PE=1 SV=1
sp|O62845|ELAC_NOTEU      -          pdb_kunitz_nr_clean  -            8.3e-23   76.4   4.5   8.3e-23   76.4   4.5   1.5   2   0   0   2   2   1   1 Early lactation protein OS=Notamacropus eugenii OX=9315 GN=ELP PE=1 SV=1
sp|B5M0W4|SV66_SIMVI      -          pdb_kunitz_nr_clean  -            8.4e-23   76.4   8.1   1.1e-22   76.1   8.1   1.1   1   0   0   1   1   1   1 Simukunin OS=Simulium vittatum OX=7192 PE=1 SV=1
sp|P81162|CRPTI_RHIMP     -          pdb_kunitz_nr_clean  -            8.6e-23   76.4   6.2     1e-22   76.1   6.2   1.1   1   0   0   1   1   1   1 Protease inhibitor carrapatin OS=Rhipicephalus microplus OX=6941 PE=1 SV=1
sp|D4A2Z2|EPPI_RAT        -          pdb_kunitz_nr_clean  -            9.5e-23   76.2   9.2   9.5e-23   76.2   9.2   2.0   2   0   0   2   2   1   1 Eppin OS=Rattus norvegicus OX=10116 GN=Eppin PE=3 SV=1
sp|B5L5Q1|VKT7_PSETT      -          pdb_kunitz_nr_clean  -            1.1e-22   76.0   4.2   1.2e-22   75.9   4.2   1.0   1   0   0   1   1   1   1 Kunitz-type serine protease inhibitor textilinin-7 OS=Pseudonaja textilis textilis OX=169397 PE=3 SV=1
sp|P86964|KCP3_PINMA      -          pdb_kunitz_nr_clean  -            1.6e-22   75.5  23.1   4.3e-12   42.1   8.1   2.3   2   0   0   2   2   2   2 BPTI/Kunitz domain-containing protein 3 OS=Pinctada maxima OX=104660 PE=1 SV=1
sp|B2KTG3|VKTH2_BUNFA     -          pdb_kunitz_nr_clean  -            1.9e-22   75.3  10.0   2.1e-22   75.1  10.0   1.0   1   0   0   1   1   1   1 Kunitz-type serine protease inhibitor homolog beta-bungarotoxin BF B2 chain OS=Bungarus fasciatus OX=8613 PE=2 SV=1
sp|A7X3V7|VKT1_PHIOL      -          pdb_kunitz_nr_clean  -            2.3e-22   75.0   7.1   2.8e-22   74.7   7.1   1.1   1   0   0   1   1   1   1 Kunitz-type serine protease inhibitor kunitoxin-Phi1 OS=Philodryas olfersii OX=120305 PE=2 SV=1
sp|P81548|VKT2_ANTAF      -          pdb_kunitz_nr_clean  -            2.7e-22   74.8   9.9   3.2e-22   74.6   9.9   1.0   1   0   0   1   1   1   1 PI-actitoxin-Axm2b OS=Anthopleura aff. xanthogrammica OX=152178 PE=1 SV=1
sp|D5J9Q8|VKT5_BUNFL      -          pdb_kunitz_nr_clean  -            2.9e-22   74.6  10.1   3.3e-22   74.5  10.1   1.0   1   0   0   1   1   1   1 Kunitz-type serine protease inhibitor isoform 5 OS=Bungarus flaviceps flaviceps OX=8615 PE=3 SV=1
sp|P82966|VKTCI_OPHHA     -          pdb_kunitz_nr_clean  -            5.6e-22   73.8   5.5   6.3e-22   73.6   5.5   1.0   1   0   0   1   1   1   1 Kunitz-type serine protease inhibitor OS=Ophiophagus hannah OX=8665 PE=1 SV=2
sp|P82968|MCPI_MELCP      -          pdb_kunitz_nr_clean  -            6.5e-22   73.5   8.6   6.5e-22   73.5   8.6   2.3   2   0   0   2   2   1   1 Four-domain proteases inhibitor OS=Melithaea caledonica OX=156534 PE=1 SV=1
sp|Q7T2Q6|VKTHB_BUNFL     -          pdb_kunitz_nr_clean  -            7.7e-22   73.3   9.7   8.7e-22   73.1   9.7   1.0   1   0   0   1   1   1   1 Kunitz-type serine protease inhibitor homolog beta-bungarotoxin B chain OS=Bungarus flaviceps flaviceps OX=8615 PE=1 SV=1
sp|Q29143|ELAC_TRIVU      -          pdb_kunitz_nr_clean  -            7.8e-22   73.3   2.9   1.1e-21   72.8   2.9   1.2   1   0   0   1   1   1   1 Early lactation protein OS=Trichosurus vulpecula OX=9337 GN=ELP PE=1 SV=1
sp|B5L5R6|IVBI3_HOPST     -          pdb_kunitz_nr_clean  -            9.3e-22   73.1   5.3   1.1e-21   72.9   5.3   1.1   1   0   0   1   1   1   1 Stephenin-3 OS=Hoplocephalus stephensii OX=196418 PE=3 SV=2
sp|D2Y491|VKT1D_CONCL     -          pdb_kunitz_nr_clean  -            9.5e-22   73.0   4.8     1e-21   72.9   4.8   1.0   1   0   0   1   1   1   1 Kunitz-type serine protease inhibitor conotoxin Cal9.1d (Fragment) OS=Californiconus californicus OX=1736779 PE=2 SV=1
sp|C8YJ96|KUN4_TABYA      -          pdb_kunitz_nr_clean  -            1.7e-21   72.2   8.5   1.9e-21   72.0   8.5   1.0   1   0   0   1   1   1   1 Tabkunin 4 OS=Tabanus yao OX=485572 PE=3 SV=1
sp|D2Y490|VKT1C_CONCL     -          pdb_kunitz_nr_clean  -              2e-21   72.0   5.4   2.1e-21   71.9   5.4   1.0   1   0   0   1   1   1   1 Kunitz-type serine protease inhibitor conotoxin Cal9.1c (Fragment) OS=Californiconus californicus OX=1736779 PE=2 SV=1
sp|P49223|SPIT3_HUMAN     -          pdb_kunitz_nr_clean  -            2.4e-21   71.7   9.6   3.3e-21   71.3   9.6   1.1   1   0   0   1   1   1   1 Kunitz-type protease inhibitor 3 OS=Homo sapiens OX=9606 GN=SPINT3 PE=1 SV=3
sp|P0DN16|VKTC_ANEVI      -          pdb_kunitz_nr_clean  -              3e-21   71.4  12.8     4e-21   71.0  12.8   1.1   1   0   0   1   1   1   1 U-actitoxin-Avd3o OS=Anemonia viridis OX=51769 PE=3 SV=1
sp|D2Y488|VKT1A_CONCL     -          pdb_kunitz_nr_clean  -            3.1e-21   71.4   4.5   3.7e-21   71.1   4.5   1.1   1   0   0   1   1   1   1 Kunitz-type serine protease inhibitor conotoxin Cal9.1a OS=Californiconus californicus OX=1736779 PE=3 SV=1
sp|Q9BDL1|EPPI_MACMU      -          pdb_kunitz_nr_clean  -            3.2e-21   71.3   8.1   3.2e-21   71.3   8.1   2.0   2   0   0   2   2   1   1 Eppin OS=Macaca mulatta OX=9544 GN=EPPIN PE=2 SV=1
sp|P68425|VKT1A_CYRSC     -          pdb_kunitz_nr_clean  -            3.7e-21   71.1   8.1   4.3e-21   70.9   8.1   1.1   1   0   0   1   1   1   1 Kunitz-type kappaPI-theraphotoxin-Hs1a OS=Cyriopagopus schmidti OX=29017 PE=1 SV=2
sp|P16044|IBPI_TACTR      -          pdb_kunitz_nr_clean  -            3.9e-21   71.1   7.7   4.5e-21   70.9   7.7   1.0   1   0   0   1   1   1   1 Proteinase inhibitor OS=Tachypleus tridentatus OX=6853 PE=1 SV=1
sp|P16344|VKT2A_RADCR     -          pdb_kunitz_nr_clean  -            4.5e-21   70.9   3.1   4.8e-21   70.8   3.1   1.0   1   0   0   1   1   1   1 PI-stichotoxin-Hcr2a OS=Radianthus crispa OX=3122430 PE=1 SV=1
sp|B2ZBB6|VKT11_CYRSC     -          pdb_kunitz_nr_clean  -              5e-21   70.7   8.3   5.8e-21   70.5   8.3   1.1   1   0   0   1   1   1   1 Kunitz-type kappaPI-theraphotoxin-Hs1b OS=Cyriopagopus schmidti OX=29017 PE=3 SV=1
sp|P0DJ49|VKT24_OLIMR     -          pdb_kunitz_nr_clean  -            5.7e-21   70.5   7.2   6.3e-21   70.4   7.2   1.0   1   0   0   1   1   1   1 Kunitz-type serine protease inhibitor BmKTT-1 OS=Olivierus martensii OX=34649 PE=3 SV=1
sp|H2A0M2|KCP1_PINMG      -          pdb_kunitz_nr_clean  -            6.3e-21   70.4  11.0   1.1e-20   69.6  11.0   1.4   1   0   0   1   1   1   1 BPTI/Kunitz domain-containing protein 1 OS=Margaritifera margaritifera OX=102329 PE=1 SV=1
sp|P0DJ66|VKT17_CYRHA     -          pdb_kunitz_nr_clean  -            6.7e-21   70.3   9.7     1e-20   69.7   9.7   1.2   1   0   0   1   1   1   1 Kunitz-type serine protease inhibitor HNTX-03141017 (Fragment) OS=Cyriopagopus hainanus OX=209901 PE=2 SV=1
sp|P0DJ76|VKT4_CYRSC      -          pdb_kunitz_nr_clean  -            7.4e-21   70.2   8.3   8.5e-21   70.0   8.3   1.1   1   0   0   1   1   1   1 Kunitz-type kappaPI-theraphotoxin-Hs1e OS=Cyriopagopus schmidti OX=29017 PE=3 SV=1
sp|P26227|HTIB_MANSE      -          pdb_kunitz_nr_clean  -            1.3e-20   69.4   2.9   1.4e-20   69.3   2.9   1.0   1   0   0   1   1   1   1 Hemolymph trypsin inhibitor B (Fragment) OS=Manduca sexta OX=7130 PE=1 SV=1
sp|P0DMJ1|VKT39_CYRSC     -          pdb_kunitz_nr_clean  -            7.2e-20   67.0   4.4   8.5e-20   66.8   4.4   1.1   1   0   0   1   1   1   1 Kunitz-type U15-theraphotoxin-Hs1g OS=Cyriopagopus schmidti OX=29017 PE=3 SV=1
sp|D2Y2Q7|VKTP1_CYRHA     -          pdb_kunitz_nr_clean  -            9.2e-20   66.7   6.0   1.1e-19   66.4   6.0   1.1   1   0   0   1   1   1   1 Kunitz-type U15-theraphotoxin-Hhn1p OS=Cyriopagopus hainanus OX=209901 PE=3 SV=1
sp|D2Y2G1|VKTJ1_CYRHA     -          pdb_kunitz_nr_clean  -            9.4e-20   66.6   6.5   1.1e-19   66.4   6.5   1.1   1   0   0   1   1   1   1 Kunitz-type U15-theraphotoxin-Hhn1j OS=Cyriopagopus hainanus OX=209901 PE=3 SV=1
sp|P0DJ82|VKT27_CYRSC     -          pdb_kunitz_nr_clean  -            1.9e-19   65.7  10.0   2.2e-19   65.5  10.0   1.1   1   0   0   1   1   1   1 Kunitz-type kappaPI-theraphotoxin-Hs1c OS=Cyriopagopus schmidti OX=29017 PE=3 SV=1
sp|P11424|IMAP_DROFU      -          pdb_kunitz_nr_clean  -            2.3e-19   65.4   3.4   2.5e-19   65.2   3.4   1.1   1   0   0   1   1   1   1 Male accessory gland serine protease inhibitor OS=Drosophila funebris OX=7221 GN=PapD PE=1 SV=1
sp|Q8T0W4|VKT2_PIMHY      -          pdb_kunitz_nr_clean  -            2.5e-19   65.2   2.4   3.2e-19   64.9   2.4   1.2   1   0   0   1   1   1   1 Kunitz-type serine protease inhibitor cvp2 OS=Pimpla hypochondriaca OX=135724 PE=1 SV=1
sp|B5L5Q3|IVBS5_OXYSC     -          pdb_kunitz_nr_clean  -            2.7e-19   65.2   1.4     3e-19   65.0   1.4   1.0   1   0   0   1   1   1   1 Scutellin-5 OS=Oxyuranus scutellatus scutellatus OX=8667 PE=3 SV=1
sp|O95428|PPN_HUMAN       -          pdb_kunitz_nr_clean  -            2.7e-19   65.1   4.3   1.1e-18   63.2   4.3   2.1   1   0   0   1   1   1   1 Papilin OS=Homo sapiens OX=9606 GN=PAPLN PE=1 SV=4
sp|D2Y2Q1|VKTL1_CYRHA     -          pdb_kunitz_nr_clean  -            3.3e-19   64.9   6.7   3.8e-19   64.7   6.7   1.1   1   0   0   1   1   1   1 Kunitz-type U15-theraphotoxin-Hhn1l OS=Cyriopagopus hainanus OX=209901 PE=3 SV=1
sp|Q1RPS8|VKTH6_BUNMU     -          pdb_kunitz_nr_clean  -            5.5e-19   64.2  10.3   6.6e-19   63.9  10.3   1.1   1   0   0   1   1   1   1 Kunitz-type serine protease inhibitor homolog beta-bungarotoxin B6 chain OS=Bungarus multicinctus OX=8616 PE=3 SV=1
sp|H2A0N9|KCP4_PINMG      -          pdb_kunitz_nr_clean  -              6e-19   64.1  12.3     6e-19   64.1  12.3   2.3   2   0   0   2   2   1   1 BPTI/Kunitz domain-containing protein 4 OS=Margaritifera margaritifera OX=102329 PE=1 SV=1
sp|Q75S49|VKTH4_BUNCA     -          pdb_kunitz_nr_clean  -              9e-19   63.5   8.7   1.1e-18   63.3   8.7   1.1   1   0   0   1   1   1   1 Kunitz-type serine protease inhibitor homolog beta-bungarotoxin B4 chain (Fragment) OS=Bungarus candidus OX=92438 PE=2 SV=1
sp|Q8AY46|VKTHB_BUNCA     -          pdb_kunitz_nr_clean  -            9.4e-19   63.4   8.7   1.1e-18   63.2   8.7   1.1   1   0   0   1   1   1   1 Kunitz-type serine protease inhibitor homolog beta-bungarotoxin B1 chain OS=Bungarus candidus OX=92438 PE=2 SV=2
sp|P0DJ79|VKT13_CYRSC     -          pdb_kunitz_nr_clean  -            2.4e-18   62.1   3.2   2.8e-18   61.9   3.2   1.1   1   0   0   1   1   1   1 Kunitz-type U15-theraphotoxin-Hs1d OS=Cyriopagopus schmidti OX=29017 PE=3 SV=1
sp|P0DJ80|VKT22_CYRSC     -          pdb_kunitz_nr_clean  -              3e-18   61.8   3.4   3.6e-18   61.6   3.4   1.1   1   0   0   1   1   1   1 Kunitz-type U15-theraphotoxin-Hs1a OS=Cyriopagopus schmidti OX=29017 PE=3 SV=1
sp|P0DJ85|VKT45_CYRSC     -          pdb_kunitz_nr_clean  -            3.2e-18   61.7   2.0   3.8e-18   61.5   2.0   1.1   1   0   0   1   1   1   1 Kunitz-type U15-theraphotoxin-Hs1f OS=Cyriopagopus schmidti OX=29017 PE=3 SV=1
sp|P0DQR0|VKT2_PALCA      -          pdb_kunitz_nr_clean  -            4.2e-18   61.3  12.3   4.6e-18   61.2  12.3   1.0   1   0   0   1   1   1   1 Kunitz-like toxin PcKuz2 OS=Palythoa caribaeorum OX=134933 PE=3 SV=1
sp|O73683|A4_DICFU        -          pdb_kunitz_nr_clean  -            4.6e-18   61.2   1.0   8.8e-18   60.3   1.0   1.5   1   0   0   1   1   1   1 Amyloid-beta A4 protein OS=Dichotomyctere fluviatilis OX=2593188 GN=app PE=2 SV=1
sp|D2Y2C2|VKTA1_CYRHA     -          pdb_kunitz_nr_clean  -            6.2e-18   60.8   3.9   7.3e-18   60.6   3.9   1.1   1   0   0   1   1   1   1 Kunitz-type U15-theraphotoxin-Hhn1a OS=Cyriopagopus hainanus OX=209901 PE=3 SV=1
sp|D2Y2F4|VKTC1_CYRHA     -          pdb_kunitz_nr_clean  -            6.7e-18   60.7   3.6   7.9e-18   60.5   3.6   1.1   1   0   0   1   1   1   1 Kunitz-type U15-theraphotoxin-Hhn1c OS=Cyriopagopus hainanus OX=209901 PE=3 SV=1
sp|P0DJ71|VKT35_CYRHA     -          pdb_kunitz_nr_clean  -            8.3e-18   60.4   4.7   9.8e-18   60.2   4.7   1.1   1   0   0   1   1   1   1 Kunitz-type U15-theraphotoxin-Hhn1d OS=Cyriopagopus hainanus OX=209901 PE=3 SV=1
sp|P0DJ69|VKT52_CYRHA     -          pdb_kunitz_nr_clean  -            8.8e-18   60.3   5.1   1.1e-17   60.0   5.1   1.0   1   0   0   1   1   1   1 Kunitz-type serine protease inhibitor HNTX-852 (Fragment) OS=Cyriopagopus hainanus OX=209901 PE=2 SV=1
sp|P0DJ74|VKT76_CYRHA     -          pdb_kunitz_nr_clean  -            8.8e-18   60.3   5.1   1.1e-17   60.0   5.1   1.0   1   0   0   1   1   1   1 Kunitz-type serine protease inhibitor HNTX-0109076 (Fragment) OS=Cyriopagopus hainanus OX=209901 PE=2 SV=1
sp|D2Y2F8|VKTG1_CYRHA     -          pdb_kunitz_nr_clean  -            8.9e-18   60.3   3.9   1.1e-17   60.1   3.9   1.1   1   0   0   1   1   1   1 Kunitz-type U15-theraphotoxin-Hhn1g OS=Cyriopagopus hainanus OX=209901 PE=3 SV=1
sp|D2Y2F3|VKT2_CYRHA      -          pdb_kunitz_nr_clean  -              1e-17   60.1   3.6   1.2e-17   59.9   3.6   1.1   1   0   0   1   1   1   1 Kunitz-type U15-theraphotoxin-Hhn1b OS=Cyriopagopus hainanus OX=209901 PE=3 SV=1
sp|B2ZBB9|VKTG6_CYRSC     -          pdb_kunitz_nr_clean  -            1.3e-17   59.8   4.6   1.5e-17   59.6   4.6   1.1   1   0   0   1   1   1   1 Kunitz-type U15-theraphotoxin-Hs1b OS=Cyriopagopus schmidti OX=29017 PE=3 SV=1
sp|P07481|ISC3_BOMMO      -          pdb_kunitz_nr_clean  -            1.8e-17   59.3   7.3     2e-17   59.2   7.3   1.1   1   0   0   1   1   1   1 Chymotrypsin inhibitor SCI-III OS=Bombyx mori OX=7091 PE=1 SV=1
sp|D2Y2F7|VKTF1_CYRHA     -          pdb_kunitz_nr_clean  -            2.1e-17   59.1   5.1   2.6e-17   58.8   5.1   1.1   1   0   0   1   1   1   1 Kunitz-type U15-theraphotoxin-Hhn1f OS=Cyriopagopus hainanus OX=209901 PE=3 SV=1
sp|P0DJ73|VKT74_CYRHA     -          pdb_kunitz_nr_clean  -            2.1e-17   59.1   5.1   2.6e-17   58.8   5.1   1.1   1   0   0   1   1   1   1 Kunitz-type U15-theraphotoxin-Hhn1f OS=Cyriopagopus hainanus OX=209901 PE=3 SV=1
sp|Q02388|CO7A1_HUMAN     -          pdb_kunitz_nr_clean  -            3.9e-17   58.3   1.2   6.1e-17   57.6   1.2   1.3   1   0   0   1   1   1   1 Collagen alpha-1(VII) chain OS=Homo sapiens OX=9606 GN=COL7A1 PE=1 SV=2
sp|Q9D263|SPIT4_MOUSE     -          pdb_kunitz_nr_clean  -              5e-17   57.9   5.0   6.8e-17   57.5   5.0   1.2   1   0   0   1   1   1   1 Kunitz-type protease inhibitor 4 OS=Mus musculus OX=10090 GN=Spint4 PE=2 SV=1
sp|B4ESA2|VKT1L_BUNMU     -          pdb_kunitz_nr_clean  -            6.2e-17   57.6   6.3   6.9e-17   57.5   6.3   1.0   1   0   0   1   1   1   1 Kunitz-type serine protease inhibitor PILP-1 OS=Bungarus multicinctus OX=8616 PE=3 SV=1
sp|Q2UY11|COSA1_MOUSE     -          pdb_kunitz_nr_clean  -            2.2e-16   55.8   6.3   4.2e-16   55.0   6.3   1.4   1   0   0   1   1   1   1 Collagen alpha-1(XXVIII) chain OS=Mus musculus OX=10090 GN=Col28a1 PE=2 SV=1
sp|C0HLB0|MAMB9_DENVI     -          pdb_kunitz_nr_clean  -            2.3e-16   55.8   9.3   2.5e-16   55.6   9.3   1.0   1   0   0   1   1   1   1 Mambaquaretin-9 OS=Dendroaspis viridis OX=8621 PE=1 SV=1
sp|P0DJ81|VKT24_CYRSC     -          pdb_kunitz_nr_clean  -            6.6e-16   54.3   1.9   7.8e-16   54.1   1.9   1.1   1   0   0   1   1   1   1 Kunitz-type U15-theraphotoxin-Hs1e OS=Cyriopagopus schmidti OX=29017 PE=3 SV=1
sp|I6VXS1|KUN2_RHIHE      -          pdb_kunitz_nr_clean  -            4.7e-14   48.4  10.1   2.5e-13   46.1   9.3   2.4   2   0   0   2   2   1   1 Anticoagulant protein rhipilin-2 OS=Rhipicephalus haemaphysaloides OX=237073 PE=2 SV=1
sp|M9PE65|AXO_DROME       -          pdb_kunitz_nr_clean  -            6.8e-13   44.7   7.6   1.9e-12   43.2   7.6   1.9   1   0   0   1   1   1   1 Axotactin OS=Drosophila melanogaster OX=7227 GN=axo PE=1 SV=1
sp|Q7Z1K3|ANIS1_ANISI     -          pdb_kunitz_nr_clean  -            3.2e-12   42.5   4.2   8.4e-12   41.2   3.7   2.1   1   1   0   1   1   1   1 Major allergen Ani s 1 OS=Anisakis simplex OX=6269 PE=1 SV=1
sp|P0CH75|VKT25_CYRHA     -          pdb_kunitz_nr_clean  -            2.7e-11   39.6   1.1   2.7e-11   39.5   1.1   1.0   1   0   0   1   1   1   1 Kunitz-type serine protease inhibitor hainantoxin F7-25.66 (Fragment) OS=Cyriopagopus hainanus OX=209901 PE=1 SV=1
sp|P0CAR0|VKTG1_MICPY     -          pdb_kunitz_nr_clean  -            4.7e-11   38.8   1.3   4.8e-11   38.7   1.3   1.0   1   0   0   1   1   1   1 Kunitz-type serine protease inhibitor G1 (Fragment) OS=Micrurus pyrrhocryptus OX=129468 PE=1 SV=1
sp|P26226|HTIA_MANSE      -          pdb_kunitz_nr_clean  -            1.2e-10   37.5   1.8   1.6e-10   37.1   1.8   1.2   1   0   0   1   1   1   1 Hemolymph trypsin inhibitor A (Fragment) OS=Manduca sexta OX=7130 PE=1 SV=1
sp|D3GGZ8|BLI5_HAECO      -          pdb_kunitz_nr_clean  -             0.0051   13.0   0.3     0.015   11.5   0.3   1.9   1   0   0   1   1   1   1 Kunitz-type protein bli-5 OS=Haemonchus contortus OX=6289 GN=bli-5 PE=3 SV=1
#
# Program:         hmmsearch
# Version:         3.4 (Aug 2023)
# Pipeline mode:   SEARCH
# Query file:      pdb_kunitz_nr_clean.hmm
# Target file:     pos_2.fasta
# Option settings: hmmsearch --tblout pos_2.out --max -Z 1000 pdb_kunitz_nr_clean.hmm pos_2.fasta 
# Current dir:     /mnt/e/bioinformatics/newproject
# Date:            Fri May 16 01:53:08 2025
# [ok]
