#                                                                    --- full sequence ---- --- best 1 domain ---- --- domain number estimation ----
# target name             accession  query name           accession    E-value  score  bias   E-value  score  bias   exp reg clu  ov env dom rep inc description of target
#     ------------------- ---------- -------------------- ---------- --------- ------ ----- --------- ------ -----   --- --- --- --- --- --- --- --- ---------------------
sp|Q868Z9|PPN_DROME       -          pdb_kunitz_nr_clean  -           8.2e-193  620.9 167.1   6.8e-19   63.9   6.2  13.4  11   1   1  12  12  12  12 Papilin OS=Drosophila melanogaster OX=7227 GN=Ppn PE=1 SV=2
sp|O76840|PPN1_CAEEL      -          pdb_kunitz_nr_clean  -           3.5e-175  564.4 140.8   4.1e-19   64.6   4.7  13.1  11   1   1  12  12  11  11 Papilin OS=Caenorhabditis elegans OX=6239 GN=mig-6 PE=1 SV=1
sp|A0A6P8HC43|ATPI1_ACTTE -          pdb_kunitz_nr_clean  -            2.8e-96  311.7  65.7   2.6e-26   87.6  10.0   4.1   4   0   0   4   4   4   4 Actinia tenebrosa protease inhibitors OS=Actinia tenebrosa OX=6105 PE=1 SV=1
sp|Q02445|TFPI1_RAT       -          pdb_kunitz_nr_clean  -            9.1e-70  226.8  42.5   3.6e-25   84.0  10.6   3.2   3   0   0   3   3   3   3 Tissue factor pathway inhibitor OS=Rattus norvegicus OX=10116 GN=Tfpi PE=2 SV=1
sp|O54819|TFPI1_MOUSE     -          pdb_kunitz_nr_clean  -            5.5e-68  221.1  39.5   2.4e-25   84.5   5.6   3.1   3   0   0   3   3   3   3 Tissue factor pathway inhibitor OS=Mus musculus OX=10090 GN=Tfpi PE=2 SV=1
sp|P19761|TFPI1_RABIT     -          pdb_kunitz_nr_clean  -            1.3e-65  213.5  38.2   4.9e-25   83.5   6.1   3.2   3   0   0   3   3   3   3 Tissue factor pathway inhibitor OS=Oryctolagus cuniculus OX=9986 GN=TFPI PE=2 SV=2
sp|P83606|BMTI6_RHIMP     -          pdb_kunitz_nr_clean  -            3.1e-60  196.3  42.9   2.1e-21   71.9   8.8   3.1   3   0   0   3   3   3   3 Kunitz-type serine protease inhibitor 6 (Fragment) OS=Rhipicephalus microplus OX=6941 PE=1 SV=2
sp|Q03610|YN81_CAEEL      -          pdb_kunitz_nr_clean  -              2e-57  187.3  64.3     3e-16   55.4   9.5   6.0   5   0   0   5   5   5   5 Uncharacterized protein ZC84.1 OS=Caenorhabditis elegans OX=6239 GN=ZC84.1 PE=3 SV=6
sp|Q7YRQ8|TFPI2_BOVIN     -          pdb_kunitz_nr_clean  -            8.8e-57  185.2  35.2   1.6e-26   88.3   6.2   3.1   3   0   0   3   3   3   3 Tissue factor pathway inhibitor 2 OS=Bos taurus OX=9913 GN=TFPI2 PE=2 SV=1
sp|W4VSH9|VKT1_TRILK      -          pdb_kunitz_nr_clean  -            9.7e-46  149.9  19.9   3.5e-24   80.8   5.4   2.2   2   0   0   2   2   2   2 Kunitz-type U19-barytoxin-Tl1a OS=Trittame loki OX=1295018 PE=2 SV=2
sp|Q6T269|VKT3_BITGA      -          pdb_kunitz_nr_clean  -            1.1e-45  149.7  27.5   1.2e-23   79.1   9.7   3.0   1   1   2   3   3   3   2 Kunitz-type serine protease inhibitor bitisilin-3 (Fragment) OS=Bitis gabonica OX=8694 PE=2 SV=1
sp|P04365|IATR_HORSE      -          pdb_kunitz_nr_clean  -            3.6e-42  138.4  19.3   4.9e-22   73.9   6.1   2.0   1   1   1   2   2   2   2 Inter-alpha-trypsin inhibitor (Fragment) OS=Equus caballus OX=9796 PE=1 SV=2
sp|Q5VJG2|KUNI_AMBHE      -          pdb_kunitz_nr_clean  -            1.7e-39  129.8  28.2   3.1e-22   74.6   7.4   2.3   2   1   0   2   2   2   2 Amblin OS=Amblyomma hebraeum OX=34608 PE=1 SV=1
sp|Q60559|AMBP_MESAU      -          pdb_kunitz_nr_clean  -              8e-39  127.7  20.8     2e-20   68.8   6.0   2.3   1   1   1   2   2   2   2 Protein AMBP OS=Mesocricetus auratus OX=10036 GN=AMBP PE=1 SV=1
sp|P62757|IATR_SHEEP      -          pdb_kunitz_nr_clean  -            8.3e-39  127.7  23.0   6.7e-21   70.3   5.6   2.0   1   1   1   2   2   2   2 Inter-alpha-trypsin inhibitor (Fragment) OS=Ovis aries OX=9940 PE=1 SV=1
sp|Q7TQN3|WFKN2_MOUSE     -          pdb_kunitz_nr_clean  -            3.4e-37  122.5  10.5   1.9e-23   78.4   1.7   3.1   2   0   0   2   2   2   2 WAP, Kazal, immunoglobulin, Kunitz and NTR domain-containing protein 2 OS=Mus musculus OX=10090 GN=Wfikkn2 PE=1 SV=2
sp|B2BS84|VKT_AUSLA       -          pdb_kunitz_nr_clean  -            4.4e-37  122.1  19.9   2.5e-19   65.3   5.6   2.2   2   0   0   2   2   2   2 Putative Kunitz-type serine protease inhibitor OS=Austrelaps labialis OX=471292 PE=2 SV=1
sp|P83609|BMTIA_RHIMP     -          pdb_kunitz_nr_clean  -            3.6e-36  119.2  17.9   1.7e-19   65.8   2.4   2.0   2   0   0   2   2   2   2 Kunitz-type serine protease inhibitor A (Fragments) OS=Rhipicephalus microplus OX=6941 PE=1 SV=2
sp|Q8TEU8|WFKN2_HUMAN     -          pdb_kunitz_nr_clean  -            1.1e-33  111.2  21.8   3.8e-22   74.3   5.7   3.4   3   1   0   3   3   2   2 WAP, Kazal, immunoglobulin, Kunitz and NTR domain-containing protein 2 OS=Homo sapiens OX=9606 GN=WFIKKN2 PE=1 SV=1
sp|P00975|IBPS_BOVIN      -          pdb_kunitz_nr_clean  -              2e-28   94.4   7.9   2.1e-28   94.3   7.9   1.0   1   0   0   1   1   1   1 Serum basic protease inhibitor OS=Bos taurus OX=9913 PE=1 SV=1
sp|P0DV05|VKT2O_RADCR     -          pdb_kunitz_nr_clean  -            3.5e-28   93.6   3.2   3.6e-28   93.6   3.2   1.0   1   0   0   1   1   1   1 PI-stichotoxin-Hcr2o OS=Radianthus crispa OX=3122430 PE=3 SV=1
sp|P0DMW7|VKT3B_ACTEQ     -          pdb_kunitz_nr_clean  -            4.2e-28   93.4   8.8   4.4e-28   93.3   8.8   1.0   1   0   0   1   1   1   1 PI-actitoxin-Aeq3b OS=Actinia equina OX=6106 PE=1 SV=1
sp|Q6T6T5|VKT1_BITGA      -          pdb_kunitz_nr_clean  -            1.3e-27   91.8   9.0   1.5e-27   91.6   9.0   1.1   1   0   0   1   1   1   1 Kunitz-type serine protease inhibitor bitisilin-1 OS=Bitis gabonica OX=8694 PE=1 SV=1
sp|C0HK72|3API_HETMG      -          pdb_kunitz_nr_clean  -            2.1e-27   91.2   4.0   2.2e-27   91.1   4.0   1.0   1   0   0   1   1   1   1 PI-stichotoxin-Hmg3a OS=Heteractis magnifica OX=38281 PE=1 SV=1
sp|P0DMJ6|VKT12_DENAN     -          pdb_kunitz_nr_clean  -            2.3e-27   91.0   6.2   2.4e-27   90.9   6.2   1.0   1   0   0   1   1   1   1 Kunitz-type serine protease inhibitor dendrotoxin DaE1 OS=Dendroaspis angusticeps OX=8618 PE=1 SV=1
sp|P04815|BPT2_BOVIN      -          pdb_kunitz_nr_clean  -            2.5e-27   90.9   8.5   3.2e-27   90.5   8.5   1.2   1   0   0   1   1   1   1 Spleen trypsin inhibitor I OS=Bos taurus OX=9913 PE=1 SV=2
sp|P00985|VKT2_HEMHA      -          pdb_kunitz_nr_clean  -            2.9e-27   90.7   4.1   3.1e-27   90.6   4.1   1.0   1   0   0   1   1   1   1 Kunitz-type serine protease inhibitor 2 OS=Hemachatus haemachatus OX=8626 PE=1 SV=1
sp|P36992|AMBP_PLEPL      -          pdb_kunitz_nr_clean  -            3.1e-27   90.6  16.5   3.2e-18   61.7   6.5   2.3   1   1   1   2   2   2   2 Protein AMBP (Fragment) OS=Pleuronectes platessa OX=8262 PE=2 SV=1
sp|P0DMJ5|VKT2E_RADCR     -          pdb_kunitz_nr_clean  -            3.3e-27   90.5   4.0   3.9e-27   90.3   4.0   1.1   1   0   0   1   1   1   1 PI-stichotoxin-Hcr2e OS=Radianthus crispa OX=3122430 PE=1 SV=1
sp|P29216|A4_MACMU        -          pdb_kunitz_nr_clean  -            3.9e-27   90.3   6.2   4.5e-27   90.1   6.2   1.1   1   0   0   1   1   1   1 Amyloid-beta precursor protein (Fragment) OS=Macaca mulatta OX=9544 GN=APP PE=2 SV=1
sp|P0DN08|VKT53_ANEVI     -          pdb_kunitz_nr_clean  -            5.8e-27   89.7   6.9   7.1e-27   89.4   6.9   1.1   1   0   0   1   1   1   1 KappaPI-actitoxin-Avd3e OS=Anemonia viridis OX=51769 PE=3 SV=1
sp|P00984|VKTE_DENPO      -          pdb_kunitz_nr_clean  -            6.1e-27   89.6   5.8   6.4e-27   89.6   5.8   1.0   1   0   0   1   1   1   1 Kunitz-type serine protease inhibitor dendrotoxin E OS=Dendroaspis polylepis polylepis OX=8620 PE=1 SV=1
sp|Q7LZE3|VKTHE_DENAN     -          pdb_kunitz_nr_clean  -            6.1e-27   89.6   5.8   6.4e-27   89.6   5.8   1.0   1   0   0   1   1   1   1 Kunitz-type serine protease inhibitor long epsilon-dendrotoxin His55 OS=Dendroaspis angusticeps OX=8618 PE=1 SV=2
sp|B5G6G6|VKT2_PSEPO      -          pdb_kunitz_nr_clean  -              8e-27   89.3   7.3     9e-27   89.1   7.3   1.0   1   0   0   1   1   1   1 Kunitz-type serine protease inhibitor blackelin-2 OS=Pseudechis porphyriacus OX=8671 PE=2 SV=1
sp|C0HLA5|MAMB2_DENVI     -          pdb_kunitz_nr_clean  -            1.1e-26   88.9   9.3   1.1e-26   88.8   9.3   1.0   1   0   0   1   1   1   1 Mambaquaretin-2 OS=Dendroaspis viridis OX=8621 PE=1 SV=1
sp|P0DV03|VKT2M_RADCR     -          pdb_kunitz_nr_clean  -            1.1e-26   88.8   3.6   1.2e-26   88.7   3.6   1.0   1   0   0   1   1   1   1 PI-stichotoxin-Hcr2m OS=Radianthus crispa OX=3122430 PE=3 SV=1
sp|P81129|VKT2_STIHL      -          pdb_kunitz_nr_clean  -            1.2e-26   88.7   8.6   1.3e-26   88.6   8.6   1.0   1   0   0   1   1   1   1 PI-stichotoxin-She2b OS=Stichodactyla helianthus OX=6123 PE=1 SV=1
sp|P0DN11|VKT7_ANEVI      -          pdb_kunitz_nr_clean  -            1.3e-26   88.6   5.7   1.6e-26   88.3   5.7   1.1   1   0   0   1   1   1   1 U-actitoxin-Avd3j OS=Anemonia viridis OX=51769 PE=3 SV=1
sp|C0HLB2|VKT_PSEPC       -          pdb_kunitz_nr_clean  -            1.4e-26   88.5   7.3   1.6e-26   88.3   7.3   1.0   1   0   0   1   1   1   1 Kunitz-type serine protease inhibitor PPTI OS=Pseudocerastes persicus OX=47769 PE=1 SV=1
sp|C0HLA6|MAMB3_DENPO     -          pdb_kunitz_nr_clean  -            1.5e-26   88.4   9.9   1.6e-26   88.3   9.9   1.0   1   0   0   1   1   1   1 Mambaquaretin-3 OS=Dendroaspis polylepis polylepis OX=8620 PE=1 SV=1
sp|B6RLX2|VKTCT_OPHHA     -          pdb_kunitz_nr_clean  -            1.6e-26   88.3   6.6   1.8e-26   88.1   6.6   1.0   1   0   0   1   1   1   1 Kunitz-type serine protease inhibitor TCI OS=Ophiophagus hannah OX=8665 PE=1 SV=1
sp|B7S4N9|VKT_OXYSC       -          pdb_kunitz_nr_clean  -            1.9e-26   88.1   5.7   2.2e-26   87.9   5.7   1.0   1   0   0   1   1   1   1 Kunitz-type serine protease inhibitor taicotoxin OS=Oxyuranus scutellatus scutellatus OX=8667 PE=1 SV=1
sp|F8J2F5|VKT87_DRYCN     -          pdb_kunitz_nr_clean  -            2.2e-26   87.8   6.4   2.5e-26   87.7   6.4   1.0   1   0   0   1   1   1   1 Kunitz-type serine protease inhibitor 87 OS=Drysdalia coronoides OX=66186 PE=1 SV=1
sp|Q6ITC0|VKT2_PSEAU      -          pdb_kunitz_nr_clean  -            2.3e-26   87.8   5.3   2.6e-26   87.7   5.3   1.0   1   0   0   1   1   1   1 Kunitz-type serine protease inhibitor mulgin-2 OS=Pseudechis australis OX=8670 PE=2 SV=1
sp|P00986|VKT2_NAJNI      -          pdb_kunitz_nr_clean  -            2.3e-26   87.8   4.5   2.4e-26   87.7   4.5   1.0   1   0   0   1   1   1   1 Kunitz-type serine protease inhibitor 2 OS=Naja nivea OX=8655 PE=1 SV=1
sp|B2G331|VKT2B_RADCR     -          pdb_kunitz_nr_clean  -            2.3e-26   87.8   5.0   2.7e-26   87.6   5.0   1.1   1   0   0   1   1   1   1 TauPI-stichotoxin-Hcr2b OS=Radianthus crispa OX=3122430 PE=1 SV=1
sp|B5L5R7|VKT2_HOPST      -          pdb_kunitz_nr_clean  -            2.9e-26   87.5   8.2   3.2e-26   87.3   8.2   1.0   1   0   0   1   1   1   1 Kunitz-type serine protease inhibitor stephenin-2 OS=Hoplocephalus stephensii OX=196418 PE=3 SV=1
sp|B5KL35|VKT4_CRYNI      -          pdb_kunitz_nr_clean  -            3.5e-26   87.2   6.4     4e-26   87.0   6.4   1.0   1   0   0   1   1   1   1 Kunitz-type serine protease inhibitor nigrescinin-4 OS=Cryptophis nigrescens OX=292442 PE=2 SV=1
sp|A0A1Z0YU59|MAMB1_DENAN -          pdb_kunitz_nr_clean  -            3.8e-26   87.1   9.7   4.1e-26   87.0   9.7   1.0   1   0   0   1   1   1   1 Mambaquaretin-1 OS=Dendroaspis angusticeps OX=8618 PE=1 SV=2
sp|A0A6B7FA07|VKT2J_RADCR -          pdb_kunitz_nr_clean  -            4.2e-26   87.0   6.7   4.2e-26   87.0   6.7   1.6   1   1   1   2   2   1   1 PI-stichotoxin-Hcr2j (Fragment) OS=Radianthus crispa OX=3122430 GN=iq4c7 PE=1 SV=1
sp|Q9TWF8|VKT3_ANESU      -          pdb_kunitz_nr_clean  -            4.2e-26   86.9   6.9   4.6e-26   86.8   6.9   1.0   1   0   0   1   1   1   1 KappaPI-actitoxin-Avd3d OS=Anemonia sulcata OX=6108 PE=1 SV=1
sp|P79307|A4_PIG          -          pdb_kunitz_nr_clean  -            6.1e-26   86.4   5.5   1.2e-25   85.5   5.5   1.5   1   0   0   1   1   1   1 Amyloid-beta precursor protein OS=Sus scrofa OX=9823 GN=APP PE=2 SV=2
sp|A0A6B7FEJ3|VKT2K_RADCR -          pdb_kunitz_nr_clean  -            6.5e-26   86.3   6.9   6.5e-26   86.3   6.9   1.6   1   1   1   2   2   1   1 PI-stichotoxin-Hcr2k (Fragment) OS=Radianthus crispa OX=3122430 GN=iq1c9 PE=1 SV=1
sp|Q5IS80|A4_PANTR        -          pdb_kunitz_nr_clean  -            6.6e-26   86.3   5.5   1.2e-25   85.5   5.5   1.4   1   0   0   1   1   1   1 Amyloid-beta precursor protein OS=Pan troglodytes OX=9598 GN=APP PE=2 SV=1
sp|B5L5R4|IVBI4_NOTSC     -          pdb_kunitz_nr_clean  -            6.9e-26   86.3   5.0   7.9e-26   86.1   5.0   1.0   1   0   0   1   1   1   1 Tigerin-4 OS=Notechis scutatus scutatus OX=70142 PE=3 SV=1
sp|B5L5M7|IVBI_AUSSU      -          pdb_kunitz_nr_clean  -            7.1e-26   86.2   9.2   8.1e-26   86.0   9.2   1.0   1   0   0   1   1   1   1 Kunitz/BPTI-like toxin OS=Austrelaps superbus OX=29156 PE=3 SV=1
sp|P00993|IBP_CARCR       -          pdb_kunitz_nr_clean  -            8.4e-26   86.0   6.0   8.4e-26   86.0   6.0   1.8   2   0   0   2   2   1   1 Chelonianin OS=Caretta caretta OX=8467 PE=1 SV=1
sp|A6MFL4|VKT4_DEMVE      -          pdb_kunitz_nr_clean  -            8.7e-26   86.0   7.6   9.8e-26   85.8   7.6   1.0   1   0   0   1   1   1   1 Kunitz-type serine protease inhibitor vestiginin-4 OS=Demansia vestigiata OX=412038 PE=2 SV=1
sp|P81902|CSTI_BOMMO      -          pdb_kunitz_nr_clean  -            8.7e-26   85.9   2.7   9.2e-26   85.9   2.7   1.0   1   0   0   1   1   1   1 Trypsin inhibitor OS=Bombyx mori OX=7091 PE=1 SV=1
sp|F8J2F4|VKT16_DRYCN     -          pdb_kunitz_nr_clean  -            8.9e-26   85.9   6.5     1e-25   85.8   6.5   1.0   1   0   0   1   1   1   1 Kunitz-type serine protease inhibitor 161 OS=Drysdalia coronoides OX=66186 PE=1 SV=1
sp|A8Y7N9|VKTC6_DABSI     -          pdb_kunitz_nr_clean  -            9.7e-26   85.8   9.0   1.2e-25   85.6   9.0   1.1   1   0   0   1   1   1   1 Kunitz-type serine protease inhibitor C6 OS=Daboia siamensis OX=343250 PE=2 SV=1
sp|P0DN10|VKT6_ANEVI      -          pdb_kunitz_nr_clean  -              1e-25   85.8   7.7   1.2e-25   85.5   7.7   1.1   1   0   0   1   1   1   1 U-actitoxin-Avd3i OS=Anemonia viridis OX=51769 PE=3 SV=1
sp|A6MGX9|VKT5_DEMVE      -          pdb_kunitz_nr_clean  -            1.1e-25   85.6   5.5   1.3e-25   85.4   5.5   1.0   1   0   0   1   1   1   1 Kunitz-type serine protease inhibitor vestiginin-5 OS=Demansia vestigiata OX=412038 PE=2 SV=1
sp|B5KL33|VKT2_TROCA      -          pdb_kunitz_nr_clean  -            1.4e-25   85.3   3.2   1.6e-25   85.1   3.2   1.0   1   0   0   1   1   1   1 Kunitz-type serine protease inhibitor carinatin-2 OS=Tropidechis carinatus OX=100989 PE=2 SV=1
sp|P0DN12|VKT8_ANEVI      -          pdb_kunitz_nr_clean  -            1.5e-25   85.2   7.0   1.9e-25   84.8   7.0   1.1   1   0   0   1   1   1   1 U-actitoxin-Avd3k OS=Anemonia viridis OX=51769 PE=3 SV=1
sp|B5KL38|VKT1_AUSSU      -          pdb_kunitz_nr_clean  -            1.5e-25   85.2   5.8   1.7e-25   85.0   5.8   1.0   1   0   0   1   1   1   1 Kunitz-type serine protease inhibitor superbin-1 OS=Austrelaps superbus OX=29156 PE=2 SV=1
sp|C1IC51|VKT3_WALAE      -          pdb_kunitz_nr_clean  -            1.7e-25   85.1   4.8   1.9e-25   84.9   4.8   1.1   1   0   0   1   1   1   1 Protease inhibitor 3 OS=Walterinnesia aegyptia OX=64182 PE=3 SV=1
sp|B5KL34|VKT3_CRYNI      -          pdb_kunitz_nr_clean  -            1.7e-25   85.0   5.8   1.9e-25   84.8   5.8   1.0   1   0   0   1   1   1   1 Kunitz-type serine protease inhibitor nigrescinin-3 OS=Cryptophis nigrescens OX=292442 PE=2 SV=1
sp|P0DN17|VKTD_ANEVI      -          pdb_kunitz_nr_clean  -            1.8e-25   85.0   7.1   2.2e-25   84.7   7.1   1.1   1   0   0   1   1   1   1 U-actitoxin-Avd3p OS=Anemonia viridis OX=51769 PE=3 SV=1
sp|Q9GP15|IRCPI_IXORI     -          pdb_kunitz_nr_clean  -            1.9e-25   84.9   6.9   2.3e-25   84.6   6.9   1.1   1   0   0   1   1   1   1 Kunitz-type anticoagulant protein Ir-CPI OS=Ixodes ricinus OX=34613 GN=CPI PE=2 SV=1
sp|B4ESA3|VKT2L_BUNMU     -          pdb_kunitz_nr_clean  -            2.2e-25   84.7   7.0   2.5e-25   84.5   7.0   1.0   1   0   0   1   1   1   1 Kunitz-type serine protease inhibitor PILP-2 OS=Bungarus multicinctus OX=8616 PE=3 SV=1
sp|A0A3G2FQK2|3DPD_HETMG  -          pdb_kunitz_nr_clean  -              3e-25   84.2   7.5     3e-25   84.2   7.5   1.6   1   1   1   2   2   1   1 PI-stichotoxin-Hmg3d (Fragment) OS=Heteractis magnifica OX=38281 PE=1 SV=1
sp|E7FL12|VKT2_PSERS      -          pdb_kunitz_nr_clean  -            3.7e-25   83.9   5.6   4.2e-25   83.7   5.6   1.0   1   0   0   1   1   1   1 Kunitz serine protease inhibitor Pr-mulgin 2 OS=Pseudechis rossignolii OX=1489342 PE=2 SV=1
sp|A5X2X1|VKT_SISCA       -          pdb_kunitz_nr_clean  -              4e-25   83.8   9.0   9.2e-25   82.7   9.0   1.6   1   0   0   1   1   1   1 Fused toxin protein OS=Sistrurus catenatus edwardsii OX=8762 PE=2 SV=1
sp|P0DN19|VKTF_ANEVI      -          pdb_kunitz_nr_clean  -              5e-25   83.5   8.4   6.3e-25   83.2   8.4   1.1   1   0   0   1   1   1   1 U-actitoxin-Avd3r (Fragment) OS=Anemonia viridis OX=51769 PE=2 SV=1
sp|P0C5J5|WFKN1_RAT       -          pdb_kunitz_nr_clean  -            5.5e-25   83.4   3.0   3.4e-20   68.0   0.3   3.0   2   0   0   2   2   2   2 WAP, Kazal, immunoglobulin, Kunitz and NTR domain-containing protein 1 OS=Rattus norvegicus OX=10116 GN=Wfikkn1 PE=2 SV=1
sp|B5L5Q8|VKT5_PSEAU      -          pdb_kunitz_nr_clean  -            6.1e-25   83.2   6.5   6.9e-25   83.1   6.5   1.0   1   0   0   1   1   1   1 Kunitz-type serine protease inhibitor mulgin-5 OS=Pseudechis australis OX=8670 PE=3 SV=1
sp|A8Y7N5|VKTC2_DABSI     -          pdb_kunitz_nr_clean  -            6.7e-25   83.1   6.6   7.6e-25   82.9   6.6   1.0   1   0   0   1   1   1   1 Kunitz-type serine protease inhibitor C2 OS=Daboia siamensis OX=343250 PE=2 SV=1
sp|Q8R0S6|WFKN1_MOUSE     -          pdb_kunitz_nr_clean  -            6.8e-25   83.1   3.5     3e-20   68.2   0.5   2.9   2   0   0   2   2   2   2 WAP, Kazal, immunoglobulin, Kunitz and NTR domain-containing protein 1 OS=Mus musculus OX=10090 GN=Wfikkn1 PE=2 SV=2
sp|P00990|VKT2_DABSI      -          pdb_kunitz_nr_clean  -            9.6e-25   82.6   8.7     1e-24   82.5   8.7   1.0   1   0   0   1   1   1   1 Kunitz-type serine protease inhibitor 2 OS=Daboia siamensis OX=343250 PE=1 SV=1
sp|Q8AY41|VKTC_BUNCA      -          pdb_kunitz_nr_clean  -            9.8e-25   82.6   6.4   1.1e-24   82.4   6.4   1.0   1   0   0   1   1   1   1 Kunitz-type serine protease inhibitor C OS=Bungarus candidus OX=92438 PE=2 SV=2
sp|P25660|VKT9_BUNFA      -          pdb_kunitz_nr_clean  -            1.3e-24   82.2   8.1   1.4e-24   82.1   8.1   1.0   1   0   0   1   1   1   1 Kunitz-type serine protease inhibitor IX OS=Bungarus fasciatus OX=8613 PE=1 SV=1
sp|Q06481|APLP2_HUMAN     -          pdb_kunitz_nr_clean  -            1.7e-24   81.8   3.6   1.7e-24   81.8   3.6   2.3   3   0   0   3   3   1   1 Amyloid beta precursor like protein 2 OS=Homo sapiens OX=9606 GN=APLP2 PE=1 SV=2
sp|P15943|APLP2_RAT       -          pdb_kunitz_nr_clean  -            1.7e-24   81.8   3.6   1.7e-24   81.8   3.6   1.9   2   0   0   2   2   1   1 Amyloid beta precursor like protein 2 OS=Rattus norvegicus OX=10116 GN=Aplp2 PE=1 SV=2
sp|H2A0N1|KCP2_PINMG      -          pdb_kunitz_nr_clean  -            1.9e-24   81.7  17.4     2e-13   46.4   4.4   2.2   2   0   0   2   2   2   2 BPTI/Kunitz domain-containing protein 2 OS=Margaritifera margaritifera OX=102329 PE=1 SV=1
sp|B1B5I8|VKT3_STIHA      -          pdb_kunitz_nr_clean  -            2.2e-24   81.5   6.3   2.9e-24   81.1   6.3   1.1   1   0   0   1   1   1   1 KappaPI-stichotoxin-Shd2a OS=Stichodactyla haddoni OX=475174 PE=1 SV=1
sp|A8Y7N4|VKTC1_DABSI     -          pdb_kunitz_nr_clean  -            2.5e-24   81.3   9.9   2.9e-24   81.1   9.9   1.1   1   0   0   1   1   1   1 Kunitz-type serine protease inhibitor C1 OS=Daboia siamensis OX=343250 PE=2 SV=1
sp|B2KTG1|VKT_BUNFA       -          pdb_kunitz_nr_clean  -            3.3e-24   80.9   7.9   3.9e-24   80.7   7.9   1.0   1   0   0   1   1   1   1 Kunitz-type serine protease inhibitor bungaruskunin OS=Bungarus fasciatus OX=8613 PE=1 SV=1
sp|A8Y7N8|VKTC5_DABSI     -          pdb_kunitz_nr_clean  -            3.4e-24   80.8   9.4   3.9e-24   80.6   9.4   1.1   1   0   0   1   1   1   1 Kunitz-type serine protease inhibitor C5 OS=Daboia siamensis OX=343250 PE=2 SV=1
sp|P00979|VKTH1_DENPO     -          pdb_kunitz_nr_clean  -            3.5e-24   80.8   7.2     4e-24   80.6   7.2   1.0   1   0   0   1   1   1   1 Kunitz-type serine protease inhibitor homolog dendrotoxin I OS=Dendroaspis polylepis polylepis OX=8620 PE=1 SV=2
sp|Q2ES50|VKT1_DABRR      -          pdb_kunitz_nr_clean  -            3.6e-24   80.8   8.9   4.1e-24   80.6   8.9   1.0   1   0   0   1   1   1   1 Kunitz-type serine protease inhibitor 1 OS=Daboia russelii OX=8707 PE=2 SV=1
sp|B2KTG2|VKTH1_BUNFA     -          pdb_kunitz_nr_clean  -            3.8e-24   80.7   7.9   4.3e-24   80.5   7.9   1.0   1   0   0   1   1   1   1 Kunitz-type serine protease inhibitor homolog beta-bungarotoxin BF B1 chain OS=Bungarus fasciatus OX=8613 PE=2 SV=1
sp|P0DMX0|VKT3_ANTAF      -          pdb_kunitz_nr_clean  -            4.3e-24   80.5  11.8     5e-24   80.3  11.8   1.0   1   0   0   1   1   1   1 PI-actitoxin-Axm2b OS=Anthopleura aff. xanthogrammica OX=152178 PE=1 SV=1
sp|F6ULY1|WFC6B_MOUSE     -          pdb_kunitz_nr_clean  -            4.5e-24   80.5   0.9   1.2e-23   79.1   0.9   1.7   1   0   0   1   1   1   1 WAP four-disulfide core domain protein 6B OS=Mus musculus OX=10090 GN=Wfdc6b PE=2 SV=1
sp|C8YJ94|KUN2_TABYA      -          pdb_kunitz_nr_clean  -            4.6e-24   80.4   9.6   5.2e-24   80.3   9.6   1.0   1   0   0   1   1   1   1 Tabkunin 2 OS=Tabanus yao OX=485572 PE=1 SV=1
sp|H2A0N5|KCP3_PINMG      -          pdb_kunitz_nr_clean  -            5.7e-24   80.1  18.5   6.8e-13   44.6   5.5   2.2   2   0   0   2   2   2   2 BPTI/Kunitz domain-containing protein 3 OS=Margaritifera margaritifera OX=102329 PE=1 SV=1
sp|Q28201|TKDP1_BOVIN     -          pdb_kunitz_nr_clean  -            5.8e-24   80.1   5.5   1.5e-23   78.8   5.5   1.7   1   0   0   1   1   1   1 Trophoblast Kunitz domain protein 1 OS=Bos taurus OX=9913 GN=TKDP1 PE=2 SV=2
sp|C8YJ95|KUN3_TABYA      -          pdb_kunitz_nr_clean  -            6.7e-24   79.9   8.2   7.5e-24   79.7   8.2   1.0   1   0   0   1   1   1   1 Tabkunin 2 OS=Tabanus yao OX=485572 PE=1 SV=1
sp|P0DN18|VKTE_ANEVI      -          pdb_kunitz_nr_clean  -            7.2e-24   79.8   8.0   8.8e-24   79.5   8.0   1.1   1   0   0   1   1   1   1 U-actitoxin-Avd3q OS=Anemonia viridis OX=51769 PE=3 SV=1
sp|B5KL41|VKT4_AUSSU      -          pdb_kunitz_nr_clean  -            9.1e-24   79.5   7.8     1e-23   79.3   7.8   1.0   1   0   0   1   1   1   1 Kunitz-type serine protease inhibitor superbin-4 OS=Austrelaps superbus OX=29156 PE=2 SV=1
sp|A8Y7P2|VKTB2_DABSI     -          pdb_kunitz_nr_clean  -            1.3e-23   79.0   9.2   1.4e-23   78.8   9.2   1.0   1   0   0   1   1   1   1 Kunitz-type serine protease inhibitor B2 OS=Daboia siamensis OX=343250 PE=2 SV=1
sp|C1IBY4|KUN1_TABYA      -          pdb_kunitz_nr_clean  -            1.3e-23   78.9   9.2   1.5e-23   78.8   9.2   1.0   1   0   0   1   1   1   1 Tabkunin 1 OS=Tabanus yao OX=485572 PE=3 SV=1
sp|P0DMJ3|VKTI1_ANTFU     -          pdb_kunitz_nr_clean  -            1.6e-23   78.7   7.5   1.7e-23   78.6   7.5   1.0   1   0   0   1   1   1   1 PI-actitoxin-Afv2a OS=Anthopleura fuscoviridis OX=6111 PE=1 SV=1
sp|P0DJ50|VKT31_OLIMR     -          pdb_kunitz_nr_clean  -            1.8e-23   78.6  10.4   2.1e-23   78.3  10.4   1.1   1   0   0   1   1   1   1 Kunitz-type serine protease inhibitor BmKTT-2 OS=Olivierus martensii OX=34649 PE=2 SV=2
sp|P20229|VKTTI_NAJNA     -          pdb_kunitz_nr_clean  -            2.7e-23   78.0   7.6   2.9e-23   77.9   7.6   1.0   1   0   0   1   1   1   1 Kunitz-type serine protease inhibitor OS=Naja naja OX=35670 PE=1 SV=1
sp|Q8AY42|VKTB_BUNCA      -          pdb_kunitz_nr_clean  -            2.7e-23   77.9  10.1   3.2e-23   77.7  10.1   1.1   1   0   0   1   1   1   1 Kunitz-type serine protease inhibitor B OS=Bungarus candidus OX=92438 PE=2 SV=2
sp|B5KL29|VKT3_OXYSC      -          pdb_kunitz_nr_clean  -              3e-23   77.8   4.3   3.3e-23   77.7   4.3   1.0   1   0   0   1   1   1   1 Kunitz-type serine protease inhibitor scutellin-3 OS=Oxyuranus scutellatus scutellatus OX=8667 PE=2 SV=1
sp|B4ESA4|VKT3L_BUNMU     -          pdb_kunitz_nr_clean  -            3.3e-23   77.7  10.9   3.8e-23   77.5  10.9   1.0   1   0   0   1   1   1   1 Kunitz-type serine protease inhibitor PILP-3 OS=Bungarus multicinctus OX=8616 PE=3 SV=1
sp|A8Y7P5|VKTB5_DABSI     -          pdb_kunitz_nr_clean  -            4.7e-23   77.2   6.7   5.5e-23   77.0   6.7   1.1   1   0   0   1   1   1   1 Kunitz-type serine protease inhibitor B5 OS=Daboia siamensis OX=343250 PE=2 SV=1
sp|Q964Q0|IXOSP_IXOSC     -          pdb_kunitz_nr_clean  -            5.5e-23   77.0  20.0   1.6e-20   69.1   2.6   2.6   3   0   0   3   3   2   2 Ixolaris OS=Ixodes scapularis OX=6945 PE=1 SV=1
sp|I2G9B4|VKT_MACLN       -          pdb_kunitz_nr_clean  -            6.2e-23   76.8  10.6   7.3e-23   76.6  10.6   1.1   1   0   0   1   1   1   1 Kunitz-type serine protease inhibitor PIVL OS=Macrovipera lebetina transmediterranea OX=384075 PE=1 SV=1
sp|P0DQR1|VKT3_PALCA      -          pdb_kunitz_nr_clean  -              1e-22   76.1   7.3   1.1e-22   76.0   7.3   1.0   1   0   0   1   1   1   1 Kunitz-like toxin PcKuz3 OS=Palythoa caribaeorum OX=134933 PE=3 SV=1
sp|P0DQQ9|VKT1_PALCA      -          pdb_kunitz_nr_clean  -            1.3e-22   75.7   9.5   1.5e-22   75.6   9.5   1.0   1   0   0   1   1   1   1 Kunitz-like toxin PcKuz1 OS=Palythoa caribaeorum OX=134933 PE=3 SV=1
sp|P0DJ46|VKT21_LYCMC     -          pdb_kunitz_nr_clean  -            1.6e-22   75.5   6.6   1.9e-22   75.2   6.6   1.1   1   0   0   1   1   1   1 Kunitz-type serine protease inhibitor LmKTT-1a OS=Lychas mucronatus OX=172552 PE=1 SV=1
sp|P26228|SBPI_SARBU      -          pdb_kunitz_nr_clean  -            1.7e-22   75.4   6.4     2e-22   75.2   6.4   1.0   1   0   0   1   1   1   1 Protease inhibitor OS=Sarcophaga bullata OX=7385 PE=1 SV=1
sp|F5GTK6|VKGUA_SIMGU     -          pdb_kunitz_nr_clean  -            1.9e-22   75.3   8.4     3e-22   74.6   8.4   1.3   1   0   0   1   1   1   1 Guianensin OS=Simulium guianense OX=445764 PE=1 SV=1
sp|Q3UW55|WFC6A_MOUSE     -          pdb_kunitz_nr_clean  -            2.1e-22   75.1   0.5   2.1e-22   75.1   0.5   2.0   2   0   0   2   2   1   1 WAP four-disulfide core domain protein 6A OS=Mus musculus OX=10090 GN=Wfdc6a PE=2 SV=1
sp|B5KL28|VKT4_OXYMI      -          pdb_kunitz_nr_clean  -            2.2e-22   75.1   4.0   2.5e-22   74.9   4.0   1.0   1   0   0   1   1   1   1 Kunitz-type serine protease inhibitor microlepidin-4 OS=Oxyuranus microlepidotus OX=111177 PE=2 SV=1
sp|P0DN15|VKTB_ANEVI      -          pdb_kunitz_nr_clean  -            2.2e-22   75.1  11.3   2.9e-22   74.7  11.3   1.1   1   0   0   1   1   1   1 U-actitoxin-Avd3n OS=Anemonia viridis OX=51769 PE=1 SV=1
sp|Q90W97|VKT5_PSETT      -          pdb_kunitz_nr_clean  -            5.9e-22   73.7   4.4   6.7e-22   73.5   4.4   1.0   1   0   0   1   1   1   1 Kunitz-type serine protease inhibitor textilinin-5 OS=Pseudonaja textilis textilis OX=169397 PE=2 SV=1
sp|C8YJ97|KUN5_TABYA      -          pdb_kunitz_nr_clean  -            6.3e-22   73.6   9.5   7.1e-22   73.4   9.5   1.0   1   0   0   1   1   1   1 Tabkunin 5 OS=Tabanus yao OX=485572 PE=3 SV=1
sp|D2Y489|VKT1B_CONCL     -          pdb_kunitz_nr_clean  -            7.3e-22   73.4   4.5   7.9e-22   73.3   4.5   1.0   1   0   0   1   1   1   1 Kunitz-type serine protease inhibitor conotoxin Cal9.1b (Fragment) OS=Californiconus californicus OX=1736779 PE=2 SV=1
sp|P0DJ45|VKT22_LYCMC     -          pdb_kunitz_nr_clean  -            7.8e-22   73.3   7.3   9.4e-22   73.0   7.3   1.1   1   0   0   1   1   1   1 Kunitz-type serine protease inhibitor LmKTT-1b OS=Lychas mucronatus OX=172552 PE=2 SV=1
sp|Q9DA01|EPPI_MOUSE      -          pdb_kunitz_nr_clean  -            7.8e-22   73.3   9.4   7.8e-22   73.3   9.4   2.1   2   0   0   2   2   1   1 Eppin OS=Mus musculus OX=10090 GN=Eppin PE=1 SV=1
sp|Q0PL65|VKTH7_BUNMU     -          pdb_kunitz_nr_clean  -            1.6e-21   72.3  11.4   1.7e-21   72.2  11.4   1.0   1   0   0   1   1   1   1 Kunitz-type serine protease inhibitor homolog beta-bungarotoxin B5-B chain OS=Bungarus multicinctus OX=8616 PE=2 SV=1
sp|P86959|KCP1_PINMA      -          pdb_kunitz_nr_clean  -            1.8e-21   72.1  10.1     3e-21   71.4  10.1   1.4   1   0   0   1   1   1   1 BPTI/Kunitz domain-containing protein 1 OS=Pinctada maxima OX=104660 PE=1 SV=1
sp|P15989|CO6A3_CHICK     -          pdb_kunitz_nr_clean  -            1.9e-21   72.0   5.2   5.3e-21   70.6   5.2   1.7   1   0   0   1   1   1   1 Collagen alpha-3(VI) chain OS=Gallus gallus OX=9031 GN=COL6A3 PE=2 SV=2
sp|O95925|EPPI_HUMAN      -          pdb_kunitz_nr_clean  -              2e-21   72.0   7.6     2e-21   72.0   7.6   2.1   2   0   0   2   2   1   1 Eppin OS=Homo sapiens OX=9606 GN=EPPIN PE=1 SV=1
sp|P0DJ48|VKT23_LYCMC     -          pdb_kunitz_nr_clean  -              2e-21   72.0   7.9   2.2e-21   71.9   7.9   1.0   1   0   0   1   1   1   1 Kunitz-type serine protease inhibitor LmKTT-1c OS=Lychas mucronatus OX=172552 PE=2 SV=1
sp|P19859|VKTCI_NAJNA     -          pdb_kunitz_nr_clean  -            2.2e-21   71.8   9.3   2.4e-21   71.8   9.3   1.0   1   0   0   1   1   1   1 Kunitz-type serine protease inhibitor OS=Naja naja OX=35670 PE=1 SV=1
sp|D8KY58|VKT_BOMTE       -          pdb_kunitz_nr_clean  -            2.5e-21   71.7   4.8   3.3e-21   71.3   4.8   1.1   1   0   0   1   1   1   1 Kunitz-type serine protease inhibitor Bt-KTI OS=Bombus terrestris OX=30195 PE=2 SV=1
sp|B5L5Q6|VKT5_OXYMI      -          pdb_kunitz_nr_clean  -            6.4e-21   70.4   1.9   7.2e-21   70.2   1.9   1.0   1   0   0   1   1   1   1 Kunitz-type serine protease inhibitor microlepidin-5 OS=Oxyuranus microlepidotus OX=111177 PE=3 SV=1
sp|P00983|MAMB7_DENPO     -          pdb_kunitz_nr_clean  -            1.4e-20   69.3   6.9   1.5e-20   69.2   6.9   1.0   1   0   0   1   1   1   1 Mambaquaretin-7 OS=Dendroaspis polylepis polylepis OX=8620 PE=1 SV=1
sp|Q4KUS1|WFDC8_MOUSE     -          pdb_kunitz_nr_clean  -            1.5e-20   69.1   5.5   1.5e-20   69.1   5.5   2.6   2   0   0   2   2   1   1 WAP four-disulfide core domain protein 8 OS=Mus musculus OX=10090 GN=Wfdc8 PE=2 SV=1
sp|G3LH89|VKT_BOMIG       -          pdb_kunitz_nr_clean  -            2.2e-20   68.7   5.3   2.9e-20   68.3   5.3   1.1   1   0   0   1   1   1   1 Kunitz-type serine protease inhibitor Bi-KTI OS=Bombus ignitus OX=130704 PE=2 SV=1
sp|P0CY85|VKTB1_CONBU     -          pdb_kunitz_nr_clean  -            2.3e-20   68.6   5.1   2.7e-20   68.3   5.1   1.1   1   0   0   1   1   1   1 Kunitz-type conkunitzin-B1 OS=Conus bullatus OX=89438 PE=3 SV=1
sp|Q589G4|VKT19_ANOSM     -          pdb_kunitz_nr_clean  -            2.4e-20   68.5   2.5   2.7e-20   68.4   2.5   1.0   1   0   0   1   1   1   1 Kunitz-type serine protease inhibitor As-fr-19 OS=Anoplius samariensis OX=200614 PE=1 SV=1
sp|D2Y2Q9|VKTR1_CYRHA     -          pdb_kunitz_nr_clean  -            6.6e-20   67.1   7.2   7.7e-20   66.9   7.2   1.1   1   0   0   1   1   1   1 Kunitz-type U15-theraphotoxin-Hhn1r OS=Cyriopagopus hainanus OX=209901 PE=3 SV=1
sp|D2Y2Q2|VKTM1_CYRHA     -          pdb_kunitz_nr_clean  -            9.4e-20   66.6   6.5   1.1e-19   66.4   6.5   1.1   1   0   0   1   1   1   1 Kunitz-type U15-theraphotoxin-Hhn1m OS=Cyriopagopus hainanus OX=209901 PE=3 SV=1
sp|P0DJ84|VKT40_CYRSC     -          pdb_kunitz_nr_clean  -            9.4e-20   66.6   6.5   1.1e-19   66.4   6.5   1.1   1   0   0   1   1   1   1 Kunitz-type kappaPI-theraphotoxin-Hs1d OS=Cyriopagopus schmidti OX=29017 PE=3 SV=1
sp|P0DJ47|VKT12_OLIMR     -          pdb_kunitz_nr_clean  -            1.1e-19   66.4  11.8   1.3e-19   66.2  11.8   1.0   1   0   0   1   1   1   1 Kunitz-type serine protease inhibitor BmKTT-3 OS=Olivierus martensii OX=34649 PE=2 SV=1
sp|Q1RPS9|VKTH5_BUNMU     -          pdb_kunitz_nr_clean  -            1.2e-19   66.2  11.2   1.5e-19   66.0  11.2   1.1   1   0   0   1   1   1   1 Kunitz-type serine protease inhibitor homolog beta-bungarotoxin B5 chain OS=Bungarus multicinctus OX=8616 PE=3 SV=1
sp|D2Y2Q8|VKTQ1_CYRHA     -          pdb_kunitz_nr_clean  -            1.4e-19   66.1   6.3   1.6e-19   65.9   6.3   1.1   1   0   0   1   1   1   1 Kunitz-type U15-theraphotoxin-Hhn1q OS=Cyriopagopus hainanus OX=209901 PE=3 SV=1
sp|P10832|ISC2_BOMMO      -          pdb_kunitz_nr_clean  -            2.2e-19   65.4   8.1   2.4e-19   65.3   8.1   1.1   1   0   0   1   1   1   1 Chymotrypsin inhibitor SCI-II OS=Bombyx mori OX=7091 PE=1 SV=1
sp|P10831|ISC1_BOMMO      -          pdb_kunitz_nr_clean  -              3e-19   65.0   7.6   3.3e-19   64.9   7.6   1.1   1   0   0   1   1   1   1 Chymotrypsin inhibitor SCI-I OS=Bombyx mori OX=7091 PE=1 SV=1
sp|Q9EPX2|PPN_MOUSE       -          pdb_kunitz_nr_clean  -            3.1e-19   65.0   5.9   1.3e-18   63.0   5.9   2.1   1   0   0   1   1   1   1 Papilin OS=Mus musculus OX=10090 GN=Papln PE=2 SV=2
sp|D2Y2Q5|VKTN1_CYRHA     -          pdb_kunitz_nr_clean  -            5.8e-19   64.1   6.4   6.7e-19   63.9   6.4   1.1   1   0   0   1   1   1   1 Kunitz-type U15-theraphotoxin-Hhn1n OS=Cyriopagopus hainanus OX=209901 PE=3 SV=1
sp|B2ZBC0|VKTG9_CYRSC     -          pdb_kunitz_nr_clean  -            6.9e-19   63.9   3.1   8.1e-19   63.6   3.1   1.1   1   0   0   1   1   1   1 Kunitz-type U15-theraphotoxin-Hs1c OS=Cyriopagopus schmidti OX=29017 PE=3 SV=1
sp|Q75S49|VKTH4_BUNCA     -          pdb_kunitz_nr_clean  -              9e-19   63.5   8.7   1.1e-18   63.3   8.7   1.1   1   0   0   1   1   1   1 Kunitz-type serine protease inhibitor homolog beta-bungarotoxin B4 chain (Fragment) OS=Bungarus candidus OX=92438 PE=2 SV=1
sp|B2ZBB8|VKT33_CYRSC     -          pdb_kunitz_nr_clean  -              3e-18   61.8   3.4   3.6e-18   61.6   3.4   1.1   1   0   0   1   1   1   1 Kunitz-type U15-theraphotoxin-Hs1a OS=Cyriopagopus schmidti OX=29017 PE=3 SV=1
sp|P0DJ75|VKT2_CYRSC      -          pdb_kunitz_nr_clean  -              3e-18   61.8   3.4   3.6e-18   61.6   3.4   1.1   1   0   0   1   1   1   1 Kunitz-type U15-theraphotoxin-Hs1a OS=Cyriopagopus schmidti OX=29017 PE=3 SV=1
sp|P0DJ78|VKT6_CYRSC      -          pdb_kunitz_nr_clean  -              3e-18   61.8   3.4   3.6e-18   61.6   3.4   1.1   1   0   0   1   1   1   1 Kunitz-type U15-theraphotoxin-Hs1a OS=Cyriopagopus schmidti OX=29017 PE=3 SV=1
sp|D2Y2Q6|VKTO1_CYRHA     -          pdb_kunitz_nr_clean  -            3.2e-18   61.7   4.7   3.8e-18   61.5   4.7   1.1   1   0   0   1   1   1   1 Kunitz-type U15-theraphotoxin-Hhn1o OS=Cyriopagopus hainanus OX=209901 PE=3 SV=1
sp|Q9W728|VKTH3_BUNMU     -          pdb_kunitz_nr_clean  -            3.4e-18   61.6   9.5   4.1e-18   61.4   9.5   1.1   1   0   0   1   1   1   1 Kunitz-type serine protease inhibitor homolog beta-bungarotoxin B3 chain OS=Bungarus multicinctus OX=8616 PE=2 SV=1
sp|P00987|VKTH1_BUNMU     -          pdb_kunitz_nr_clean  -            5.1e-18   61.1   9.1     6e-18   60.8   9.1   1.1   1   0   0   1   1   1   1 Kunitz-type serine protease inhibitor homolog beta-bungarotoxin B1 chain, major component OS=Bungarus multicinctus OX=8616 PE=1 SV=2
sp|P0DJ70|VKT53_CYRHA     -          pdb_kunitz_nr_clean  -            6.2e-18   60.8   3.9   7.3e-18   60.6   3.9   1.1   1   0   0   1   1   1   1 Kunitz-type U15-theraphotoxin-Hhn1a OS=Cyriopagopus hainanus OX=209901 PE=3 SV=1
sp|P0DJ67|VKT34_CYRHA     -          pdb_kunitz_nr_clean  -            6.7e-18   60.7   3.6   7.9e-18   60.5   3.6   1.1   1   0   0   1   1   1   1 Kunitz-type U15-theraphotoxin-Hhn1c OS=Cyriopagopus hainanus OX=209901 PE=3 SV=1
sp|D2Y2F5|VKT4_CYRHA      -          pdb_kunitz_nr_clean  -            8.3e-18   60.4   4.7   9.8e-18   60.2   4.7   1.1   1   0   0   1   1   1   1 Kunitz-type U15-theraphotoxin-Hhn1d OS=Cyriopagopus hainanus OX=209901 PE=3 SV=1
sp|D2Y2F6|VKTE1_CYRHA     -          pdb_kunitz_nr_clean  -            8.6e-18   60.3   4.1     1e-17   60.1   4.1   1.1   1   0   0   1   1   1   1 Kunitz-type U15-theraphotoxin-Hhn1e OS=Cyriopagopus hainanus OX=209901 PE=3 SV=1
sp|P0DJ72|VKT68_CYRHA     -          pdb_kunitz_nr_clean  -            8.6e-18   60.3   4.1     1e-17   60.1   4.1   1.1   1   0   0   1   1   1   1 Kunitz-type U15-theraphotoxin-Hhn1e OS=Cyriopagopus hainanus OX=209901 PE=3 SV=1
sp|P0DJ64|VKT31_CYRHA     -          pdb_kunitz_nr_clean  -              1e-17   60.1   3.6   1.2e-17   59.9   3.6   1.1   1   0   0   1   1   1   1 U15-Kunitz-type theraphotoxin-Hhn1b OS=Cyriopagopus hainanus OX=209901 PE=3 SV=1
sp|P81906|ISPI2_GALME     -          pdb_kunitz_nr_clean  -            1.1e-17   60.0   1.0   1.2e-17   59.9   1.0   1.0   1   0   0   1   1   1   1 Inducible serine protease inhibitor 2 (Fragment) OS=Galleria mellonella OX=7137 PE=1 SV=1
sp|Q02388|CO7A1_HUMAN     -          pdb_kunitz_nr_clean  -            3.9e-17   58.3   1.2   6.1e-17   57.6   1.2   1.3   1   0   0   1   1   1   1 Collagen alpha-1(VII) chain OS=Homo sapiens OX=9606 GN=COL7A1 PE=1 SV=2
sp|Q63870|CO7A1_MOUSE     -          pdb_kunitz_nr_clean  -            7.2e-17   57.4   1.3   1.2e-16   56.6   1.3   1.3   1   0   0   1   1   1   1 Collagen alpha-1(VII) chain OS=Mus musculus OX=10090 GN=Col7a1 PE=1 SV=3
sp|D2Y2F9|VKTH1_CYRHA     -          pdb_kunitz_nr_clean  -            7.5e-17   57.3   4.1   8.8e-17   57.1   4.1   1.1   1   0   0   1   1   1   1 Kunitz-type U15-theraphotoxin-Hhn1h OS=Cyriopagopus hainanus OX=209901 PE=3 SV=1
sp|P0DJ65|VKT7_CYRHA      -          pdb_kunitz_nr_clean  -            7.5e-17   57.3   4.1   8.8e-17   57.1   4.1   1.1   1   0   0   1   1   1   1 Kunitz-type U15-theraphotoxin-Hhn1h OS=Cyriopagopus hainanus OX=209901 PE=3 SV=1
sp|Q2UY09|COSA1_HUMAN     -          pdb_kunitz_nr_clean  -            1.1e-15   53.6   6.8   2.4e-15   52.5   6.8   1.6   1   0   0   1   1   1   1 Collagen alpha-1(XXVIII) chain OS=Homo sapiens OX=9606 GN=COL28A1 PE=1 SV=2
sp|Q6UDR6|SPIT4_HUMAN     -          pdb_kunitz_nr_clean  -            1.1e-15   53.6   5.1   1.6e-15   53.1   5.1   1.3   1   0   0   1   1   1   1 Kunitz-type protease inhibitor 4 OS=Homo sapiens OX=9606 GN=SPINT4 PE=1 SV=1
sp|D2Y2G2|VKTK1_CYRHA     -          pdb_kunitz_nr_clean  -            1.4e-15   53.2   4.9   1.7e-15   53.0   4.9   1.1   1   0   0   1   1   1   1 Kunitz-type U15-theraphotoxin-Hhn1k OS=Cyriopagopus hainanus OX=209901 PE=3 SV=1
sp|P0DJ68|VKT45_CYRHA     -          pdb_kunitz_nr_clean  -            1.4e-15   53.2   4.9   1.7e-15   53.0   4.9   1.1   1   0   0   1   1   1   1 Kunitz-type U15-theraphotoxin-Hhn1k OS=Cyriopagopus hainanus OX=209901 PE=3 SV=1
sp|D2Y2G0|VKTI1_CYRHA     -          pdb_kunitz_nr_clean  -            1.6e-15   53.1   4.1   1.8e-15   52.9   4.1   1.1   1   0   0   1   1   1   1 Kunitz-type U15-theraphotoxin-Hhn1i OS=Cyriopagopus hainanus OX=209901 PE=3 SV=1
sp|P0DMW9|VKT34_ACTEQ     -          pdb_kunitz_nr_clean  -            1.9e-15   52.8   1.9   1.9e-15   52.8   1.9   1.0   1   0   0   1   1   1   1 Kunitz-type proteinase inhibitor AEPI-IV (Fragment) OS=Actinia equina OX=6106 PE=1 SV=1
sp|P0DMW8|VKT33_ACTEQ     -          pdb_kunitz_nr_clean  -            5.8e-15   51.3   2.9   6.1e-15   51.2   2.9   1.0   1   0   0   1   1   1   1 Kunitz-type proteinase inhibitor AEPI-III (Fragment) OS=Actinia equina OX=6106 PE=1 SV=1
sp|C0LNR2|VKT_VESBI       -          pdb_kunitz_nr_clean  -            1.6e-13   46.7   2.7     2e-13   46.4   2.7   1.2   1   0   0   1   1   1   1 Kunitz-type serine protease inhibitor bicolin OS=Vespa bicolor OX=619325 PE=1 SV=1
sp|Q8IUA0|WFDC8_HUMAN     -          pdb_kunitz_nr_clean  -            4.2e-13   45.3   8.5   4.2e-13   45.3   8.5   2.4   2   0   0   2   2   1   1 WAP four-disulfide core domain protein 8 OS=Homo sapiens OX=9606 GN=WFDC8 PE=1 SV=2
sp|Q2ES49|VKT2_DABRR      -          pdb_kunitz_nr_clean  -            2.3e-12   42.9   7.3   2.7e-12   42.7   7.3   1.1   1   0   0   1   1   1   1 Kunitz-type serine protease inhibitor 2 OS=Daboia russelii OX=8707 PE=2 SV=1
sp|Q09JW6|KUNI_ARGMO      -          pdb_kunitz_nr_clean  -            2.2e-10   36.6  17.8   4.1e-10   35.8   3.6   3.1   2   1   0   2   2   2   1 Monobin OS=Argas monolakensis OX=34602 GN=AM-28 PE=1 SV=1
sp|D9IFL3|KUN1_RHIHE      -          pdb_kunitz_nr_clean  -            4.2e-10   35.7   4.8   7.8e-10   34.9   4.8   1.5   1   0   0   1   1   1   1 Anticoagulant protein rhipilin-1 OS=Rhipicephalus haemaphysaloides OX=237073 PE=2 SV=1
sp|Q9BQY6|WFDC6_HUMAN     -          pdb_kunitz_nr_clean  -            4.8e-10   35.5   2.6   4.8e-10   35.5   2.6   1.8   2   0   0   2   2   1   1 WAP four-disulfide core domain protein 6 OS=Homo sapiens OX=9606 GN=WFDC6 PE=1 SV=1
sp|P86963|KCP2_PINMA      -          pdb_kunitz_nr_clean  -            1.1e-07   27.9   9.7   1.1e-07   27.9   9.7   3.9   3   1   1   4   4   2   1 BPTI/Kunitz domain-containing protein 2 OS=Pinctada maxima OX=104660 PE=1 SV=1
sp|Q11101|YL15_CAEEL      -          pdb_kunitz_nr_clean  -            1.6e-06   24.3   5.1   3.8e-06   23.0   5.1   1.7   1   0   0   1   1   1   1 BPTI/Kunitz inhibitor domain-containing protein C02F12.5 OS=Caenorhabditis elegans OX=6239 GN=C02F12.5 PE=1 SV=3
sp|A0A1Q1NL17|HA11_HYAAI  -          pdb_kunitz_nr_clean  -            0.00018   17.7   6.0   0.00057   16.1   6.0   1.7   1   1   0   1   1   1   1 Kunitz-type anticoagulant protein HA11 OS=Hyalomma asiaticum OX=266040 GN=HA11 PE=2 SV=1
sp|O62247|BLI5_CAEEL      -          pdb_kunitz_nr_clean  -            0.00018   17.7   0.6   0.00052   16.2   0.6   1.9   1   0   0   1   1   1   1 Kunitz-type protein bli-5 OS=Caenorhabditis elegans OX=6239 GN=bli-5 PE=1 SV=1
sp|Q8WPG5|KUNI_ORNKA      -          pdb_kunitz_nr_clean  -             0.0037   13.5   4.6     0.014   11.6   0.5   2.4   2   0   0   2   2   2   1 Thrombin inhibitor savignin OS=Ornithodoros kalahariensis OX=1580572 PE=1 SV=1
#
# Program:         hmmsearch
# Version:         3.4 (Aug 2023)
# Pipeline mode:   SEARCH
# Query file:      pdb_kunitz_nr_clean.hmm
# Target file:     pos_1.fasta
# Option settings: hmmsearch --tblout pos_1.out --max -Z 1000 pdb_kunitz_nr_clean.hmm pos_1.fasta 
# Current dir:     /mnt/e/bioinformatics/newproject
# Date:            Fri May 16 02:04:06 2025
# [ok]
